05-06 21:45:09.291  3867  3887 W unknown:ViewManagerPropertyUpdater: Could not find generated setter for class com.facebook.react.views.text.frescosupport.FrescoBasedReactTextInlineImageShadowNode
05-06 21:45:09.294  1070  1078 W System  : A resource failed to call release. 
05-06 21:45:09.296  3867  3887 W unknown:ViewManagerPropertyUpdater: Could not find generated setter for class com.horcrux.svg.RenderableViewManager$FeFloodManager
05-06 21:45:09.299  3867  3887 W unknown:ViewManagerPropertyUpdater: Could not find generated setter for class com.horcrux.svg.RenderableViewManager$GroupViewManager
05-06 21:45:09.301  3867  3887 W unknown:ViewManagerPropertyUpdater: Could not find generated setter for class com.horcrux.svg.RenderableViewManager$TextViewManager
05-06 21:45:09.302  1070  1078 W System  : A resource failed to call release. 
05-06 21:45:09.302  1070  1078 W System  : A resource failed to call release. 
05-06 21:45:09.302  1070  1078 W System  : A resource failed to call release. 
05-06 21:45:09.309  3867  3887 W unknown:ViewManagerPropertyUpdater: Could not find generated setter for class com.horcrux.svg.RenderableViewManager$ImageViewManager
05-06 21:45:09.314  3867  3887 W unknown:ViewManagerPropertyUpdater: Could not find generated setter for class com.horcrux.svg.RenderableViewManager$FeCompositeManager
05-06 21:45:09.317  3867  3887 W unknown:ViewManagerPropertyUpdater: Could not find generated setter for class com.facebook.react.views.image.ReactImageManager
05-06 21:45:09.320  3867  3887 W unknown:ViewManagerPropertyUpdater: Could not find generated setter for class com.horcrux.svg.RenderableViewManager$RadialGradientManager
05-06 21:45:09.323  3867  3887 W unknown:ViewManagerPropertyUpdater: Could not find generated setter for class com.horcrux.svg.RenderableViewManager$MaskManager
05-06 21:45:09.328  3867  3887 W unknown:ViewManagerPropertyUpdater: Could not find generated setter for class com.facebook.react.views.unimplementedview.ReactUnimplementedViewManager
05-06 21:45:09.330  3867  3887 W unknown:ViewManagerPropertyUpdater: Could not find generated setter for class com.horcrux.svg.RenderableViewManager$RectViewManager
05-06 21:45:09.332  3867  3887 W unknown:ViewManagerPropertyUpdater: Could not find generated setter for class com.horcrux.svg.RenderableViewManager$TextPathViewManager
05-06 21:45:09.335  3867  3887 W unknown:ViewManagerPropertyUpdater: Could not find generated setter for class com.facebook.react.views.scroll.ReactScrollViewManager
05-06 21:45:09.340  3867  3887 W unknown:ViewManagerPropertyUpdater: Could not find generated setter for class com.horcrux.svg.RenderableViewManager$FeOffsetManager
05-06 21:45:09.343  3867  3887 W unknown:ViewManagerPropertyUpdater: Could not find generated setter for class com.horcrux.svg.RenderableViewManager$PathViewManager
05-06 21:45:09.346  3867  3887 W unknown:ViewManagerPropertyUpdater: Could not find generated setter for class com.facebook.react.views.drawer.ReactDrawerLayoutManager
05-06 21:45:09.349  3867  3887 W unknown:ViewManagerPropertyUpdater: Could not find generated setter for class com.facebook.react.views.text.ReactVirtualTextViewManager
05-06 21:45:09.349  3867  3887 W unknown:ViewManagerPropertyUpdater: Could not find generated setter for class com.facebook.react.views.text.ReactVirtualTextShadowNode
05-06 21:45:09.351  3867  3887 W unknown:ViewManagerPropertyUpdater: Could not find generated setter for class com.facebook.react.views.swiperefresh.SwipeRefreshLayoutManager
05-06 21:45:09.352  3867  3887 W unknown:ViewManagerPropertyUpdater: Could not find generated setter for class com.facebook.react.views.text.ReactRawTextManager
05-06 21:45:09.352  3867  3887 W unknown:ViewManagerPropertyUpdater: Could not find generated setter for class com.facebook.react.views.text.ReactRawTextShadowNode
05-06 21:45:09.353  3867  3887 W unknown:ViewManagerPropertyUpdater: Could not find generated setter for class com.facebook.react.views.textinput.ReactTextInputManager
05-06 21:45:09.354  3867  3887 W unknown:ViewManagerPropertyUpdater: Could not find generated setter for class com.facebook.react.views.textinput.ReactTextInputShadowNode
05-06 21:45:09.359  3867  3887 W BridgelessReactContext: [WARNING] Bridgeless doesn't support CatalystInstance. Accessing an API that's not part of the new architecture is not encouraged usage.
05-06 21:45:09.364  3867  3887 I ExpoModulesCore: ✅ JSI interop was installed
05-06 21:45:09.366  3867  3887 I ExpoModulesCore: ✅ Constants were exported
05-06 21:45:09.387  3867  3887 D nativeloader: Load /data/app/~~bYjHPr2e5Wy19pZZYeydyw==/io.chartkit.showcase-pyI7Zr7IHzLLJcDdssW-fw==/base.apk!/lib/arm64-v8a/librnskia.so using class loader ns clns-9 (caller=/data/app/~~bYjHPr2e5Wy19pZZYeydyw==/io.chartkit.showcase-pyI7Zr7IHzLLJcDdssW-fw==/base.apk): ok
05-06 21:45:09.388  3867  3887 W BridgelessReactContext: [WARNING] Bridgeless doesn't support CatalystInstance. Accessing an API that's not part of the new architecture is not encouraged usage.
05-06 21:45:09.446  3867  3887 D nativeloader: Load /data/app/~~bYjHPr2e5Wy19pZZYeydyw==/io.chartkit.showcase-pyI7Zr7IHzLLJcDdssW-fw==/base.apk!/lib/arm64-v8a/libworklets.so using class loader ns clns-9 (caller=/data/app/~~bYjHPr2e5Wy19pZZYeydyw==/io.chartkit.showcase-pyI7Zr7IHzLLJcDdssW-fw==/base.apk): ok
05-06 21:45:09.449  1277  1707 I FontLog : Received query Noto Color Emoji Compat, URI content://com.google.android.gms.fonts [CONTEXT service_id=132 ]
05-06 21:45:09.450  1277  1707 I FontLog : Query [emojicompat-emoji-font] resolved to {Noto Color Emoji Compat, wdth 100.0, wght 400, ital 0.0, bestEffort false}, isVf false} [CONTEXT service_id=132 ]
05-06 21:45:09.455  1277  1707 I FontLog : Fetch {Noto Color Emoji Compat, wdth 100.0, wght 400, ital 0.0, bestEffort false}, isVf false} end status Status{statusCode=SUCCESS, resolution=null} [CONTEXT service_id=132 ]
05-06 21:45:09.466  1277  1707 I FontLog : Pulling font file for id = 13, cache size = 10 [CONTEXT service_id=132 ]
05-06 21:45:09.473   459   542 I netd    : tetherGetStats() -> {[]} <0.46ms>
05-06 21:45:09.484  1277  1707 I FontLog : Pulling font file for id = 13, cache size = 10 [CONTEXT service_id=132 ]
05-06 21:45:09.498   941  1156 W WindowOnBackDispatcher: sendCancelIfRunning: isInProgress=false callback=android.view.ViewRootImpl$$ExternalSyntheticLambda13@da3eff1
05-06 21:45:09.498   672  1868 D CoreBackPreview: Window{bc06a53 u0 Splash Screen io.chartkit.showcase EXITING}: Setting back callback null
05-06 21:45:09.543  3867  3887 D nativeloader: Load /data/app/~~bYjHPr2e5Wy19pZZYeydyw==/io.chartkit.showcase-pyI7Zr7IHzLLJcDdssW-fw==/base.apk!/lib/arm64-v8a/libreanimated.so using class loader ns clns-9 (caller=/data/app/~~bYjHPr2e5Wy19pZZYeydyw==/io.chartkit.showcase-pyI7Zr7IHzLLJcDdssW-fw==/base.apk): ok
05-06 21:45:09.834  3867  3887 I ReactNativeJS: Running "main"
05-06 21:45:09.925   672   727 I DropBoxManagerService: add tag=system_app_strictmode isTagEnabled=true flags=0x2
05-06 21:45:11.293  3867  3888 W unknown:ReactNative: StatusBarModule: Ignored status bar change, current activity is edge-to-edge.
05-06 21:45:11.293  3867  3888 W unknown:ReactNative: StatusBarModule: Ignored status bar change, current activity is edge-to-edge.
05-06 21:45:11.367  3867  3867 I SkiaTextureView: onSurfaceTextureAvailable:  975x651
05-06 21:45:11.444  3867  3867 E artkit.showcase: [SurfaceTexture-0-3867-0] updateAndRelease: EGLConsumer is not attached to an OpenGL ES context
05-06 21:45:11.445  3867  3867 I RNSkia  : updateAndRelease() failed. The exception above can safely be ignored
05-06 21:45:11.454  3867  3867 E EGL_emulation: eglQueryContext 32c0  EGL_BAD_ATTRIBUTE
05-06 21:45:11.454  3867  3867 E EGL_emulation: tid 3867: eglQueryContext(2159): error 0x3004 (EGL_BAD_ATTRIBUTE)
05-06 21:45:11.455  3867  3867 I SkiaTextureView: onSurfaceTextureAvailable:  975x619
05-06 21:45:11.499  3867  3867 E artkit.showcase: [SurfaceTexture-0-3867-1] updateAndRelease: EGLConsumer is not attached to an OpenGL ES context
05-06 21:45:11.500  3867  3867 I RNSkia  : updateAndRelease() failed. The exception above can safely be ignored
05-06 21:45:11.512  3867  3867 E EGL_emulation: eglQueryContext 32c0  EGL_BAD_ATTRIBUTE
05-06 21:45:11.513  3867  3867 E EGL_emulation: tid 3867: eglQueryContext(2159): error 0x3004 (EGL_BAD_ATTRIBUTE)
05-06 21:45:11.513  3867  3867 I SkiaTextureView: onSurfaceTextureAvailable:  975x173
05-06 21:45:11.542  3867  3867 E artkit.showcase: [SurfaceTexture-0-3867-2] updateAndRelease: EGLConsumer is not attached to an OpenGL ES context
05-06 21:45:11.544  3867  3867 I RNSkia  : updateAndRelease() failed. The exception above can safely be ignored
05-06 21:45:11.555  3867  3867 E EGL_emulation: eglQueryContext 32c0  EGL_BAD_ATTRIBUTE
05-06 21:45:11.555  3867  3867 E EGL_emulation: tid 3867: eglQueryContext(2159): error 0x3004 (EGL_BAD_ATTRIBUTE)
05-06 21:45:11.555  3867  3867 I SkiaTextureView: onSurfaceTextureAvailable:  975x603
05-06 21:45:11.575  3867  3867 E artkit.showcase: [SurfaceTexture-0-3867-3] updateAndRelease: EGLConsumer is not attached to an OpenGL ES context
05-06 21:45:11.575  3867  3867 I RNSkia  : updateAndRelease() failed. The exception above can safely be ignored
05-06 21:45:11.583  3867  3867 E EGL_emulation: eglQueryContext 32c0  EGL_BAD_ATTRIBUTE
05-06 21:45:11.583  3867  3867 E EGL_emulation: tid 3867: eglQueryContext(2159): error 0x3004 (EGL_BAD_ATTRIBUTE)
05-06 21:45:11.583  3867  3867 I SkiaTextureView: onSurfaceTextureAvailable:  975x651
05-06 21:45:11.601  3867  3867 E artkit.showcase: [SurfaceTexture-0-3867-4] updateAndRelease: EGLConsumer is not attached to an OpenGL ES context
05-06 21:45:11.602  3867  3867 I RNSkia  : updateAndRelease() failed. The exception above can safely be ignored
05-06 21:45:11.610  3867  3867 E EGL_emulation: eglQueryContext 32c0  EGL_BAD_ATTRIBUTE
05-06 21:45:11.611  3867  3867 E EGL_emulation: tid 3867: eglQueryContext(2159): error 0x3004 (EGL_BAD_ATTRIBUTE)
05-06 21:45:11.611  3867  3867 I SkiaTextureView: onSurfaceTextureAvailable:  975x625
05-06 21:45:11.625  3867  3867 E artkit.showcase: [SurfaceTexture-0-3867-5] updateAndRelease: EGLConsumer is not attached to an OpenGL ES context
05-06 21:45:11.625  3867  3867 I RNSkia  : updateAndRelease() failed. The exception above can safely be ignored
05-06 21:45:11.630  3867  3867 E EGL_emulation: eglQueryContext 32c0  EGL_BAD_ATTRIBUTE
05-06 21:45:11.630  3867  3867 E EGL_emulation: tid 3867: eglQueryContext(2159): error 0x3004 (EGL_BAD_ATTRIBUTE)
05-06 21:45:11.631  3867  3867 I SkiaTextureView: onSurfaceTextureAvailable:  975x552
05-06 21:45:11.649  3867  3867 E artkit.showcase: [SurfaceTexture-0-3867-6] updateAndRelease: EGLConsumer is not attached to an OpenGL ES context
05-06 21:45:11.650  3867  3867 I RNSkia  : updateAndRelease() failed. The exception above can safely be ignored
05-06 21:45:11.656  3867  3867 E EGL_emulation: eglQueryContext 32c0  EGL_BAD_ATTRIBUTE
05-06 21:45:11.656  3867  3867 E EGL_emulation: tid 3867: eglQueryContext(2159): error 0x3004 (EGL_BAD_ATTRIBUTE)
05-06 21:45:11.656  3867  3867 I SkiaTextureView: onSurfaceTextureAvailable:  975x515
05-06 21:45:11.671  3867  3867 E artkit.showcase: [SurfaceTexture-0-3867-7] updateAndRelease: EGLConsumer is not attached to an OpenGL ES context
05-06 21:45:11.671  3867  3867 I RNSkia  : updateAndRelease() failed. The exception above can safely be ignored
05-06 21:45:11.677  3867  3867 E EGL_emulation: eglQueryContext 32c0  EGL_BAD_ATTRIBUTE
05-06 21:45:11.677  3867  3867 E EGL_emulation: tid 3867: eglQueryContext(2159): error 0x3004 (EGL_BAD_ATTRIBUTE)
05-06 21:45:11.677  3867  3867 I SkiaTextureView: onSurfaceTextureAvailable:  975x625
05-06 21:45:11.692  3867  3867 E artkit.showcase: [SurfaceTexture-0-3867-8] updateAndRelease: EGLConsumer is not attached to an OpenGL ES context
05-06 21:45:11.695  3867  3867 I RNSkia  : updateAndRelease() failed. The exception above can safely be ignored
05-06 21:45:11.700  3867  3867 E EGL_emulation: eglQueryContext 32c0  EGL_BAD_ATTRIBUTE
05-06 21:45:11.700  3867  3867 E EGL_emulation: tid 3867: eglQueryContext(2159): error 0x3004 (EGL_BAD_ATTRIBUTE)
05-06 21:45:11.700  3867  3867 I SkiaTextureView: onSurfaceTextureAvailable:  3315x688
05-06 21:45:11.723  3867  3867 E artkit.showcase: [SurfaceTexture-0-3867-9] updateAndRelease: EGLConsumer is not attached to an OpenGL ES context
05-06 21:45:11.724  3867  3867 I RNSkia  : updateAndRelease() failed. The exception above can safely be ignored
05-06 21:45:11.730  3867  3867 E EGL_emulation: eglQueryContext 32c0  EGL_BAD_ATTRIBUTE
05-06 21:45:11.730  3867  3867 E EGL_emulation: tid 3867: eglQueryContext(2159): error 0x3004 (EGL_BAD_ATTRIBUTE)
05-06 21:45:11.730  3867  3867 I SkiaTextureView: onSurfaceTextureAvailable:  975x688
05-06 21:45:11.750  3867  3867 E artkit.showcase: [SurfaceTexture-0-3867-10] updateAndRelease: EGLConsumer is not attached to an OpenGL ES context
05-06 21:45:11.750  3867  3867 I RNSkia  : updateAndRelease() failed. The exception above can safely be ignored
05-06 21:45:11.756  3867  3867 E EGL_emulation: eglQueryContext 32c0  EGL_BAD_ATTRIBUTE
05-06 21:45:11.757  3867  3867 E EGL_emulation: tid 3867: eglQueryContext(2159): error 0x3004 (EGL_BAD_ATTRIBUTE)
05-06 21:45:11.757  3867  3867 I SkiaTextureView: onSurfaceTextureAvailable:  2925x651
05-06 21:45:11.772  3867  3867 E artkit.showcase: [SurfaceTexture-0-3867-11] updateAndRelease: EGLConsumer is not attached to an OpenGL ES context
05-06 21:45:11.772  3867  3867 I RNSkia  : updateAndRelease() failed. The exception above can safely be ignored
05-06 21:45:11.775  3867  3867 E EGL_emulation: eglQueryContext 32c0  EGL_BAD_ATTRIBUTE
05-06 21:45:11.775  3867  3867 E EGL_emulation: tid 3867: eglQueryContext(2159): error 0x3004 (EGL_BAD_ATTRIBUTE)
05-06 21:45:11.775  3867  3867 I SkiaTextureView: onSurfaceTextureAvailable:  975x651
05-06 21:45:11.789  3867  3867 E artkit.showcase: [SurfaceTexture-0-3867-12] updateAndRelease: EGLConsumer is not attached to an OpenGL ES context
05-06 21:45:11.790  3867  3867 I RNSkia  : updateAndRelease() failed. The exception above can safely be ignored
05-06 21:45:11.794  3867  3867 E EGL_emulation: eglQueryContext 32c0  EGL_BAD_ATTRIBUTE
05-06 21:45:11.794  3867  3867 E EGL_emulation: tid 3867: eglQueryContext(2159): error 0x3004 (EGL_BAD_ATTRIBUTE)
05-06 21:45:11.794  3867  3867 I SkiaTextureView: onSurfaceTextureAvailable:  975x604
05-06 21:45:11.809  3867  3867 E artkit.showcase: [SurfaceTexture-0-3867-13] updateAndRelease: EGLConsumer is not attached to an OpenGL ES context
05-06 21:45:11.809  3867  3867 I RNSkia  : updateAndRelease() failed. The exception above can safely be ignored
05-06 21:45:11.814  3867  3867 E EGL_emulation: eglQueryContext 32c0  EGL_BAD_ATTRIBUTE
05-06 21:45:11.814  3867  3867 E EGL_emulation: tid 3867: eglQueryContext(2159): error 0x3004 (EGL_BAD_ATTRIBUTE)
05-06 21:45:11.814  3867  3867 I SkiaTextureView: onSurfaceTextureAvailable:  975x625
05-06 21:45:11.830  3867  3867 E artkit.showcase: [SurfaceTexture-0-3867-14] updateAndRelease: EGLConsumer is not attached to an OpenGL ES context
05-06 21:45:11.830  3867  3867 I RNSkia  : updateAndRelease() failed. The exception above can safely be ignored
05-06 21:45:11.837  3867  3867 E EGL_emulation: eglQueryContext 32c0  EGL_BAD_ATTRIBUTE
05-06 21:45:11.837  3867  3867 E EGL_emulation: tid 3867: eglQueryContext(2159): error 0x3004 (EGL_BAD_ATTRIBUTE)
05-06 21:45:11.837  3867  3867 I SkiaTextureView: onSurfaceTextureAvailable:  975x624
05-06 21:45:11.848  3867  3867 E artkit.showcase: [SurfaceTexture-0-3867-15] updateAndRelease: EGLConsumer is not attached to an OpenGL ES context
05-06 21:45:11.849  3867  3867 I RNSkia  : updateAndRelease() failed. The exception above can safely be ignored
05-06 21:45:11.855  3867  3867 E EGL_emulation: eglQueryContext 32c0  EGL_BAD_ATTRIBUTE
05-06 21:45:11.855  3867  3867 E EGL_emulation: tid 3867: eglQueryContext(2159): error 0x3004 (EGL_BAD_ATTRIBUTE)
05-06 21:45:11.855  3867  3867 I SkiaTextureView: onSurfaceTextureAvailable:  975x625
05-06 21:45:11.870  3867  3867 E artkit.showcase: [SurfaceTexture-0-3867-16] updateAndRelease: EGLConsumer is not attached to an OpenGL ES context
05-06 21:45:11.870  3867  3867 I RNSkia  : updateAndRelease() failed. The exception above can safely be ignored
05-06 21:45:11.876  3867  3867 E EGL_emulation: eglQueryContext 32c0  EGL_BAD_ATTRIBUTE
05-06 21:45:11.876  3867  3867 E EGL_emulation: tid 3867: eglQueryContext(2159): error 0x3004 (EGL_BAD_ATTRIBUTE)
05-06 21:45:11.876  3867  3867 I SkiaTextureView: onSurfaceTextureAvailable:  975x625
05-06 21:45:11.890  3867  3867 E artkit.showcase: [SurfaceTexture-0-3867-17] updateAndRelease: EGLConsumer is not attached to an OpenGL ES context
05-06 21:45:11.891  3867  3867 I RNSkia  : updateAndRelease() failed. The exception above can safely be ignored
05-06 21:45:11.897  3867  3867 E EGL_emulation: eglQueryContext 32c0  EGL_BAD_ATTRIBUTE
05-06 21:45:11.897  3867  3867 E EGL_emulation: tid 3867: eglQueryContext(2159): error 0x3004 (EGL_BAD_ATTRIBUTE)
05-06 21:45:11.897  3867  3867 I SkiaTextureView: onSurfaceTextureAvailable:  975x624
05-06 21:45:11.907   672  1617 E TaskPersister: File error accessing recents directory (directory doesn't exist?).
05-06 21:45:11.914  3867  3867 E artkit.showcase: [SurfaceTexture-0-3867-18] updateAndRelease: EGLConsumer is not attached to an OpenGL ES context
05-06 21:45:11.914  3867  3867 I RNSkia  : updateAndRelease() failed. The exception above can safely be ignored
05-06 21:45:11.924  3867  3867 E EGL_emulation: eglQueryContext 32c0  EGL_BAD_ATTRIBUTE
05-06 21:45:11.924  3867  3867 E EGL_emulation: tid 3867: eglQueryContext(2159): error 0x3004 (EGL_BAD_ATTRIBUTE)
05-06 21:45:11.925  3867  3867 I SkiaTextureView: onSurfaceTextureAvailable:  975x604
05-06 21:45:11.930   672   846 D WifiClientModeImpl[7910:wlan0]: updateLinkLayerStatsRssiSpeedFrequencyCapabilities rssi=-50 TxLinkspeed=1 freq=2447 RxLinkSpeed=2
05-06 21:45:11.930   672   846 D WifiDataStall: tx tput in kbps: 11000
05-06 21:45:11.930   672   846 D WifiDataStall: rx tput in kbps: 11000
05-06 21:45:11.930   672   846 V WifiConfigManager: Updating scan detail cache freq=2447 BSSID=00:13:10:85:fe:01 RSSI=-50 for "AndroidWifi"NONE
05-06 21:45:11.930   672   846 D WifiThroughputPredictor:  utilization (LLS) 80 isBluetoothConnected: false final utilization: 80
05-06 21:45:11.930   672   846 D WifiThroughputPredictor:  BW: 0 RSSI: -50 Nss: 1 Mode: 1 symDur: 4000 snrDb 30 bitPerTone: 4500 rate: 54 throughput: 11
05-06 21:45:11.930   672   846 D WifiThroughputPredictor:  utilization (LLS) 80 isBluetoothConnected: false final utilization: 80
05-06 21:45:11.930   672   846 D WifiThroughputPredictor:  BW: 0 RSSI: -50 Nss: 1 Mode: 1 symDur: 4000 snrDb 30 bitPerTone: 4500 rate: 54 throughput: 11
05-06 21:45:11.930   672   846 D WifiThroughputPredictor:  utilization (LLS) 80 isBluetoothConnected: false final utilization: 80
05-06 21:45:11.930   672   846 D WifiThroughputPredictor:  BW: 0 RSSI: -50 Nss: 1 Mode: 1 symDur: 4000 snrDb 30 bitPerTone: 4500 rate: 54 throughput: 11
05-06 21:45:11.930   672   846 D WifiThroughputPredictor:  utilization (LLS) 80 isBluetoothConnected: false final utilization: 80
05-06 21:45:11.930   672   846 D WifiThroughputPredictor:  BW: 0 RSSI: -50 Nss: 1 Mode: 1 symDur: 4000 snrDb 30 bitPerTone: 4500 rate: 54 throughput: 11
05-06 21:45:11.931   672   846 D WifiScoreCard: BSSID update SIGNAL_POLL ID: 786848858 SSID: "AndroidWifi", BSSID: 00:13:10:85:fe:01, MAC: 02:15:b2:00:00:00, IP: /10.0.2.16, Security type: 0, Supplicant state: COMPLETED, Wi-Fi standard: legacy, RSSI: -50, Link speed: 1Mbps, Tx Link speed: 1Mbps, Max Supported Tx Link speed: 11Mbps, Rx Link speed: 2Mbps, Max Supported Rx Link speed: 11Mbps, Frequency: 2447MHz, Net ID: 0, Metered hint: false, score: 60, isUsable: true, CarrierMerged: false, SubscriptionId: -1, IsPrimary: 1, Trusted: true, Restricted: false, Ephemeral: false, OEM paid: false, OEM private: false, OSU AP: false, FQDN: <none>, Provider friendly name: <none>, Requesting package name: <none>"AndroidWifi"openMLO Information: , Is TID-To-Link negotiation supported by the AP: false, AP MLD Address: <none>, AP MLO Link Id: <none>, AP MLO Affiliated links: <none>, Vendor Data: <none>
05-06 21:45:11.931   672   846 D WifiScoreCard: txRate: 1 txSpeed: 1
05-06 21:45:11.931   672   846 D WifiScoreCard: network update SIGNAL_POLL "AndroidWifi" ID: 1628418683 RSSI -50 txSpeed -1
05-06 21:45:11.931   672   846 D WifiClientModeImpl[7910:wlan0]:  ClientModeImpl$L2ConnectedState screen=on 1 0 "AndroidWifi" 00:13:10:85:fe:01 rssi=-50 f=2447 sc=60 link=1 tx=0.0, 0.0, 0.0 rx=0.0 bcn=0 [on:0 tx:0 rx:0 period:3002] from screen [on:0 period:1851387] score=60
05-06 21:45:11.939  3867  3867 E artkit.showcase: [SurfaceTexture-0-3867-19] updateAndRelease: EGLConsumer is not attached to an OpenGL ES context
05-06 21:45:11.939  3867  3867 I RNSkia  : updateAndRelease() failed. The exception above can safely be ignored
05-06 21:45:12.074  3867  3875 I HWUI    : Davey! duration=738ms; Flags=0, FrameTimelineVsyncId=58642, IntendedVsync=443670134572, Vsync=443670134572, InputEventId=0, HandleInputStart=443671644461, AnimationStart=443671645461, PerformTraversalsStart=443720485294, DrawStart=443727416586, FrameDeadline=443686801238, FrameStartTime=443671640544, FrameInterval=16666666, WorkloadTarget=16666666, SyncQueued=444307542711, SyncStart=444319500169, IssueDrawCommandsStart=444320568794, SwapBuffers=444401471753, FrameCompleted=444420955419, DequeueBufferDuration=4708, QueueBufferDuration=641375, GpuCompleted=444420955419, SwapBuffersCompleted=444410933503, DisplayPresentTime=0, CommandSubmissionCompleted=444401471753, 
05-06 21:45:12.107  3867  3867 E artkit.showcase: [SurfaceTexture-0-3867-0] updateAndRelease: EGLConsumer is not attached to an OpenGL ES context
05-06 21:45:12.107  3867  3867 I RNSkia  : updateAndRelease() failed. The exception above can safely be ignored
05-06 21:45:12.152  3867  3867 E artkit.showcase: [SurfaceTexture-0-3867-1] updateAndRelease: EGLConsumer is not attached to an OpenGL ES context
05-06 21:45:12.153  3867  3867 I RNSkia  : updateAndRelease() failed. The exception above can safely be ignored
05-06 21:45:12.201  3867  3867 E artkit.showcase: [SurfaceTexture-0-3867-2] updateAndRelease: EGLConsumer is not attached to an OpenGL ES context
05-06 21:45:12.202  3867  3867 I RNSkia  : updateAndRelease() failed. The exception above can safely be ignored
05-06 21:45:12.236  3867  3867 E artkit.showcase: [SurfaceTexture-0-3867-3] updateAndRelease: EGLConsumer is not attached to an OpenGL ES context
05-06 21:45:12.237  3867  3867 I RNSkia  : updateAndRelease() failed. The exception above can safely be ignored
05-06 21:45:12.263  3867  3867 E artkit.showcase: [SurfaceTexture-0-3867-4] updateAndRelease: EGLConsumer is not attached to an OpenGL ES context
05-06 21:45:12.263  3867  3867 I RNSkia  : updateAndRelease() failed. The exception above can safely be ignored
05-06 21:45:12.286  3867  3867 E artkit.showcase: [SurfaceTexture-0-3867-5] updateAndRelease: EGLConsumer is not attached to an OpenGL ES context
05-06 21:45:12.286  3867  3867 I RNSkia  : updateAndRelease() failed. The exception above can safely be ignored
05-06 21:45:12.303  3867  3867 E artkit.showcase: [SurfaceTexture-0-3867-6] updateAndRelease: EGLConsumer is not attached to an OpenGL ES context
05-06 21:45:12.303  3867  3867 I RNSkia  : updateAndRelease() failed. The exception above can safely be ignored
05-06 21:45:12.318  3867  3867 E artkit.showcase: [SurfaceTexture-0-3867-7] updateAndRelease: EGLConsumer is not attached to an OpenGL ES context
05-06 21:45:12.320  3867  3867 I RNSkia  : updateAndRelease() failed. The exception above can safely be ignored
05-06 21:45:12.357  3867  3867 E artkit.showcase: [SurfaceTexture-0-3867-8] updateAndRelease: EGLConsumer is not attached to an OpenGL ES context
05-06 21:45:12.357  3867  3867 I RNSkia  : updateAndRelease() failed. The exception above can safely be ignored
05-06 21:45:12.433  3867  3867 E artkit.showcase: [SurfaceTexture-0-3867-9] updateAndRelease: EGLConsumer is not attached to an OpenGL ES context
05-06 21:45:12.433  3867  3867 I RNSkia  : updateAndRelease() failed. The exception above can safely be ignored
05-06 21:45:12.463  3867  3888 W unknown:ReactNative: StatusBarModule: Ignored status bar change, current activity is edge-to-edge.
05-06 21:45:12.464  3867  3867 E artkit.showcase: [SurfaceTexture-0-3867-10] updateAndRelease: EGLConsumer is not attached to an OpenGL ES context
05-06 21:45:12.464  3867  3867 I RNSkia  : updateAndRelease() failed. The exception above can safely be ignored
05-06 21:45:12.511  3867  3867 E artkit.showcase: [SurfaceTexture-0-3867-11] updateAndRelease: EGLConsumer is not attached to an OpenGL ES context
05-06 21:45:12.512  3867  3867 I RNSkia  : updateAndRelease() failed. The exception above can safely be ignored
05-06 21:45:12.538  3867  3867 E artkit.showcase: [SurfaceTexture-0-3867-12] updateAndRelease: EGLConsumer is not attached to an OpenGL ES context
05-06 21:45:12.539  3867  3867 I RNSkia  : updateAndRelease() failed. The exception above can safely be ignored
05-06 21:45:12.549  3867  3867 E artkit.showcase: [SurfaceTexture-0-3867-13] updateAndRelease: EGLConsumer is not attached to an OpenGL ES context
05-06 21:45:12.549  3867  3867 I RNSkia  : updateAndRelease() failed. The exception above can safely be ignored
05-06 21:45:12.570  3867  3867 E artkit.showcase: [SurfaceTexture-0-3867-14] updateAndRelease: EGLConsumer is not attached to an OpenGL ES context
05-06 21:45:12.570  3867  3867 I RNSkia  : updateAndRelease() failed. The exception above can safely be ignored
05-06 21:45:12.592  3867  3867 E artkit.showcase: [SurfaceTexture-0-3867-15] updateAndRelease: EGLConsumer is not attached to an OpenGL ES context
05-06 21:45:12.593  3867  3867 I RNSkia  : updateAndRelease() failed. The exception above can safely be ignored
05-06 21:45:12.607  3867  3867 E artkit.showcase: [SurfaceTexture-0-3867-16] updateAndRelease: EGLConsumer is not attached to an OpenGL ES context
05-06 21:45:12.607  3867  3867 I RNSkia  : updateAndRelease() failed. The exception above can safely be ignored
05-06 21:45:12.619  3867  3867 E artkit.showcase: [SurfaceTexture-0-3867-17] updateAndRelease: EGLConsumer is not attached to an OpenGL ES context
05-06 21:45:12.620  3867  3867 I RNSkia  : updateAndRelease() failed. The exception above can safely be ignored
05-06 21:45:12.633  3867  3867 E artkit.showcase: [SurfaceTexture-0-3867-18] updateAndRelease: EGLConsumer is not attached to an OpenGL ES context
05-06 21:45:12.634  3867  3867 I RNSkia  : updateAndRelease() failed. The exception above can safely be ignored
05-06 21:45:12.649  3867  3867 E artkit.showcase: [SurfaceTexture-0-3867-19] updateAndRelease: EGLConsumer is not attached to an OpenGL ES context
05-06 21:45:12.649  3867  3867 I RNSkia  : updateAndRelease() failed. The exception above can safely be ignored
05-06 21:45:12.655  3867  3867 I Choreographer: Skipped 79 frames!  The application may be doing too much work on its main thread.
05-06 21:45:12.661  3867  3867 E Surface : freeAllBuffers: 1 buffers were freed while being dequeued!
05-06 21:45:12.691  3867  3867 E EGL_emulation: eglQueryContext 32c0  EGL_BAD_ATTRIBUTE
05-06 21:45:12.691  3867  3867 E EGL_emulation: tid 3867: eglQueryContext(2159): error 0x3004 (EGL_BAD_ATTRIBUTE)
05-06 21:45:12.691  3867  3867 I SkiaTextureView: onSurfaceTextureAvailable:  975x640
05-06 21:45:12.778  3867  3867 E Surface : getSlotFromBufferLocked: unknown buffer: 0x0
05-06 21:45:12.796  3867  3867 E artkit.showcase: [SurfaceTexture-0-3867-20] updateAndRelease: EGLConsumer is not attached to an OpenGL ES context
05-06 21:45:12.796  3867  3867 I RNSkia  : updateAndRelease() failed. The exception above can safely be ignored
05-06 21:45:12.834  3867  3875 I HWUI    : Davey! duration=1492ms; Flags=0, FrameTimelineVsyncId=58649, IntendedVsync=443686801238, Vsync=445003467852, InputEventId=0, HandleInputStart=445019633503, AnimationStart=445019634795, PerformTraversalsStart=445053141461, DrawStart=445053915003, FrameDeadline=444453467874, FrameStartTime=445019038545, FrameInterval=16666666, WorkloadTarget=16666666, SyncQueued=445165990961, SyncStart=445168766045, IssueDrawCommandsStart=445170017086, SwapBuffers=445176611170, FrameCompleted=445182471711, DequeueBufferDuration=5166, QueueBufferDuration=299625, GpuCompleted=445182396378, SwapBuffersCompleted=445182471711, DisplayPresentTime=0, CommandSubmissionCompleted=445176611170, 
05-06 21:45:13.934  3867  3910 D ProfileInstaller: Installing profile for io.chartkit.showcase
05-06 21:45:14.283  3913  3913 W screencap: Thread Pool max thread count is 0. Cannot cache binder as linkToDeath cannot be implemented. serviceName: SurfaceFlingerAIDL
05-06 21:45:14.283  3913  3913 W BpBinder: Linking to death on android.gui.ISurfaceComposer but there are no threads (yet?) listening to incoming transactions. See ProcessState::startThreadPool and ProcessState::setThreadPoolMaxThreadCount. Generally you should setup the binder threadpool before other initialization steps.
05-06 21:45:14.285  3913  3913 W ProcessState: Extra binder thread started, but 0 threads requested. Do not use *startThreadPool when zero threads are requested.
05-06 21:45:14.291   519   569 E HwcComposer: getLuts failed Status(-8, EX_SERVICE_SPECIFIC): '8: '
05-06 21:45:14.291   519   569 E HWComposer: getLuts: getLuts failed for display 4619827259835644672: UNSUPPORTED (8)
05-06 21:45:14.311   225   225 I servicemanager: Caller(pid=3913,uid=2000,sid=u:r:shell:s0) Found android.hardware.graphics.allocator.IAllocator/default in device VINTF manifest.
05-06 21:45:14.316   225   225 I servicemanager: Caller(pid=3913,uid=2000,sid=u:r:shell:s0) Found android.hardware.graphics.allocator.IAllocator/default in device VINTF manifest.
05-06 21:45:14.317   225   225 I servicemanager: Caller(pid=3913,uid=2000,sid=u:r:shell:s0) Found mapper/ranchu in device VINTF manifest.
