05-06 17:38:08.788  1147  1158 D SubscriptionRepository: getSelectableSubscriptionInfoList: [[SubscriptionInfo: id=1 iccId=89860318640220133897 simSlotIndex=0 portIndex=0 isEmbedded=false carrierId=1 displayName=T-Mobile carrierName=T-Mobile isOpportunistic=false groupUuid=null groupOwner= isGroupDisabled=false displayNameSource=CARRIER iconTint=-16749196 number=+15551234567 dataRoaming=0 mcc=310 mnc=260 ehplmns=[] hplmns=[] cardString=89860318640220133897 cardId=0 nativeAccessRules=null carrierConfigAccessRules=[cert: 92B5F8117FBD9BD5738FF168A4FA12CBE284BE834EDE1A7BB44DD8455BA15920 pkg: com.tmobile.rsuapp access: 0, cert: 92B5F8117FBD9BD5738FF168A4FA12CBE284BE834EDE1A7BB44DD8455BA15920 pkg: com.tmobile.echolocate access: 0, cert: 92B5F8117FBD9BD5738FF168A4FA12CBE284BE834EDE1A7BB44DD8455BA15920 pkg: com.tmobile.services.nameid access: 0, cert: 92B5F8117FBD9BD5738FF168A4FA12CBE284BE834EDE1A7BB44DD8455BA15920 pkg: com.tmobile.pr.mytmobile access: 0, cert: 92B5F8117FBD9BD5738FF168A4FA12CBE284BE834EDE1A7BB44DD8455BA15920 pkg: com.tmobile.vvm.application access: 0, cert: 3D1A4BEF6EE7AF7D34D120E7B1AAC0DD245585DE6237CF100F68333AFACFF562 pkg: com.tmobile.rsuapp access: 0, cert: 3D1A4BEF6EE7AF7D34D120E7B1AAC0DD245585DE6237CF100F68333AFACFF562 pkg: com.tmobile.echolocate access: 0, cert: 3D1A4BEF6EE7AF7D34D120E7B1AAC0DD245585DE6237CF100F68333AFACFF562 pkg: com.tmobile.services.nameid access: 0, cert: 3D1A4BEF6EE7AF7D34D120E7B1AAC0DD245585DE6237CF100F68333AFACFF562 pkg: com.tmobile.pr.mytmobile access: 0, cert: 3D1A4BEF6EE7AF7D34D120E7B1AAC0DD245585DE6237CF100F68333AFACFF562 pkg: com.tmobile.vvm.application access: 0, cert: 6892793FC413019D2DF609DFED7AF622D0F2D8FCF96EFA7E3FB87EEA34E10B93 pkg: com.tmobile.rsuapp access: 0, cert: 6892793FC413019D2DF609DFED7AF622D0F2D8FCF96EFA7E3FB87EEA34E10B93 pkg: com.tmobile.echolocate access: 0, cert: 6892793FC413019D2DF609DFED7AF622D0F2D8FCF96EFA7E3FB87EEA34E10B93 pkg: com.tmobile.services.nameid access: 0, cert: 6892793FC413019D2DF609DFED7AF622D0F2D8FCF96EFA7E3FB87EEA34E10B93 pkg: com.tmobile.pr.mytmobile access: 0, cert: 6892793FC413019D2DF609DFED7AF622D0F2D8FCF96EFA7E3FB87EEA34E10B93 pkg: com.tmobile.vvm.application access: 0, cert: 7B68FD9D4E7610C9CB35FC0C6CC06EA04C6906E3DFA9F48F9A05460AF36BFFFC pkg: com.tmobile.rsuapp access: 0, cert: 7B68FD9D4E7610C9CB35FC0C6CC06EA04C6906E3DFA9F48F9A05460AF36BFFFC pkg: com.tmobile.echolocate access: 0, cert: 7B68FD9D4E7610C9CB35FC0C6CC06EA04C6906E3DFA9F48F9A05460AF36BFFFC pkg: com.tmobile.services.nameid access: 0, cert: 7B68FD9D4E7610C9CB35FC0C6CC06EA04C6906E3DFA9F48F9A05460AF36BFFFC pkg: com.tmobile.pr.mytmobile access: 0, cert: 7B68FD9D4E7610C9CB35FC0C6CC06EA04C6906E3DFA9F48F9A05460AF36BFFFC pkg: com.tmobile.vvm.application access: 0] countryIso=us profileClass=-1 mType=LOCAL_SIM areUiccApplicationsEnabled=true usageSetting=DEFAULT isOnlyNonTerrestrialNetwork=false serviceCapabilities=[1, 2, 3] transferStatus=0 isSatelliteESOSSupported=false]]
05-06 17:38:08.788  1147  1158 D SubscriptionUtil: remove cached display name : 1
05-06 17:38:08.788   671  1940 I WifiService: getWifiConfigsForMatchedNetworkSuggestions uid=1000
05-06 17:38:08.790  1147  3121 D SliceBroadcastRelay: Unregistering uri broadcast relay: content://com.android.settings.slices/action/mobile_data
05-06 17:38:08.790  1147  1147 D SettingsSliceProvider: Stopping background worker for: content://com.android.settings.slices/action/mobile_data
05-06 17:38:08.793   671  1940 I WifiService: getMatchingPasspointConfigurations uid=1000
05-06 17:38:08.793   671  1940 I WifiService: getMatchingOsuProviders uid=1000
05-06 17:38:08.794   671  1940 I WifiService: getMatchingPasspointConfigsForOsuProviders uid=1000
05-06 17:38:08.794   671  1940 I WifiService: getCurrentNetwork uid=1000
05-06 17:38:08.794   671  1940 I WifiService: getConnectionInfo uid=1000
05-06 17:38:08.794   671  1940 V WifiService: Clearing REDACT_FOR_LOCAL_MAC_ADDRESS for com.android.settings(uid=1000)
05-06 17:38:08.794   671  1940 V WifiService: Clearing REDACT_FOR_NETWORK_SETTINGS for com.android.settings(uid=1000)
05-06 17:38:08.794   671  1940 V WifiService: Clearing REDACT_FOR_ACCESS_FINE_LOCATION for com.android.settings(uid=1000)
05-06 17:38:08.795   671  1940 I WifiService: getCurrentNetwork uid=1000
05-06 17:38:08.795   671  1940 I WifiService: getConnectionInfo uid=1000
05-06 17:38:08.795   671  1940 V WifiService: Clearing REDACT_FOR_LOCAL_MAC_ADDRESS for com.android.settings(uid=1000)
05-06 17:38:08.795   671  1940 V WifiService: Clearing REDACT_FOR_NETWORK_SETTINGS for com.android.settings(uid=1000)
05-06 17:38:08.795   671  1940 V WifiService: Clearing REDACT_FOR_ACCESS_FINE_LOCATION for com.android.settings(uid=1000)
05-06 17:38:08.796   671  1940 I WifiService: getVerboseLoggingLevel uid=1000
05-06 17:38:08.796  1147  3691 V WifiPickerTracker: onWifiEntriesChanged: reason=0
05-06 17:38:08.796  1147  3691 V WifiPickerTracker: Entry 1/1: [StandardWifiEntry][AndroidWifi][][Level:4][Connected][Internet][Primary][Saved]
05-06 17:38:08.796  1147  3691 V WifiPickerTracker: MergedCarrierEntry: [MergedCarrierEntry][][][Level:-1][SubId:1]
05-06 17:38:08.796   671  1193 I WifiService: getVerboseLoggingLevel uid=1000
05-06 17:38:08.797   671  1193 I WifiService: getVerboseLoggingLevel uid=1000
05-06 17:38:08.797   671  1193 I WifiService: getVerboseLoggingLevel uid=1000
05-06 17:38:08.797  1147  3691 V WifiPickerTracker: onWifiEntriesChanged: reason=0
05-06 17:38:08.797  1147  3691 V WifiPickerTracker: Entry 1/1: [StandardWifiEntry][AndroidWifi][][Level:4][Connected][Internet][Primary][Saved]
05-06 17:38:08.797  1147  3691 V WifiPickerTracker: MergedCarrierEntry: [MergedCarrierEntry][][][Level:-1][SubId:1]
05-06 17:38:08.797   671  1193 I WifiService: getWifiEnabledState uid=1000 state=3
05-06 17:38:08.797   671  1193 I WifiService: getVerboseLoggingLevel uid=1000
05-06 17:38:08.798   671  1940 I WifiService: getVerboseLoggingLevel uid=1000
05-06 17:38:08.798  1147  3691 V WifiPickerTracker: onWifiEntriesChanged: reason=0
05-06 17:38:08.798  1147  3691 V WifiPickerTracker: Entry 1/1: [StandardWifiEntry][AndroidWifi][][Level:4][Connected][Internet][Primary][Saved]
05-06 17:38:08.798  1147  3691 V WifiPickerTracker: MergedCarrierEntry: [MergedCarrierEntry][][][Level:-1][SubId:1]
05-06 17:38:08.798   671  1193 I WifiService: getVerboseLoggingLevel uid=1000
05-06 17:38:08.798   671  1940 I WifiService: getVerboseLoggingLevel uid=1000
05-06 17:38:08.798  1147  3691 V WifiPickerTracker: Received broadcast: android.net.wifi.STATE_CHANGE
05-06 17:38:08.798   671  1940 I WifiService: getConnectionInfo uid=1000
05-06 17:38:08.798   671  1940 V WifiService: Clearing REDACT_FOR_LOCAL_MAC_ADDRESS for com.android.settings(uid=1000)
05-06 17:38:08.798   671  1940 V WifiService: Clearing REDACT_FOR_NETWORK_SETTINGS for com.android.settings(uid=1000)
05-06 17:38:08.798   671  1940 V WifiService: Clearing REDACT_FOR_ACCESS_FINE_LOCATION for com.android.settings(uid=1000)
05-06 17:38:08.799   671  1193 I WifiService: getVerboseLoggingLevel uid=1000
05-06 17:38:08.799   671  1940 I WifiService: getVerboseLoggingLevel uid=1000
05-06 17:38:08.799  1147  3691 V WifiPickerTracker: onWifiEntriesChanged: reason=0
05-06 17:38:08.799  1147  3691 V WifiPickerTracker: Entry 1/1: [StandardWifiEntry][AndroidWifi][][Level:4][Connected][Internet][Primary][Saved]
05-06 17:38:08.799  1147  3691 V WifiPickerTracker: MergedCarrierEntry: [MergedCarrierEntry][][][Level:-1][SubId:1]
05-06 17:38:08.799   671  1940 I WifiService: getVerboseLoggingLevel uid=1000
05-06 17:38:08.800   671  1193 I WifiService: getVerboseLoggingLevel uid=1000
05-06 17:38:08.800   671  1193 I WifiService: getVerboseLoggingLevel uid=1000
05-06 17:38:08.800  1147  3691 V WifiPickerTracker: onWifiEntriesChanged: reason=0
05-06 17:38:08.800  1147  3691 V WifiPickerTracker: Entry 1/1: [StandardWifiEntry][AndroidWifi][][Level:4][Connected][Internet][Primary][Saved]
05-06 17:38:08.800  1147  3691 V WifiPickerTracker: MergedCarrierEntry: [MergedCarrierEntry][][][Level:-1][SubId:1]
05-06 17:38:08.800   671  1193 I WifiService: getVerboseLoggingLevel uid=1000
05-06 17:38:08.801   671  1193 I WifiService: getVerboseLoggingLevel uid=1000
05-06 17:38:08.801   671  1193 I WifiService: getVerboseLoggingLevel uid=1000
05-06 17:38:08.801   671  1193 I WifiService: getVerboseLoggingLevel uid=1000
05-06 17:38:08.802   671  1193 I WifiService: getVerboseLoggingLevel uid=1000
05-06 17:38:08.845  1147  1158 D WifiCallingSliceHelper: Wifi calling is either not provisioned or not enabled by Platform
05-06 17:38:08.846  1147  3104 D SlicesIndexer: Slices already indexed - returning.
05-06 17:38:08.846  1147  3104 D SettingsSliceProvider: Could not create slicedata for uri: content://android.settings.slices/action/airplane_mode
05-06 17:38:08.846  1147  3104 D SettingsSliceProvider: java.lang.IllegalStateException: Invalid Slices key from path: airplane_mode
05-06 17:38:08.846  1147  3104 D SettingsSliceProvider: 	at com.android.settings.slices.SlicesDatabaseAccessor.getIndexedSliceData(SlicesDatabaseAccessor.java:133)
05-06 17:38:08.846  1147  3104 D SettingsSliceProvider: 	at com.android.settings.slices.SlicesDatabaseAccessor.getSliceDataFromUri(SlicesDatabaseAccessor.java:76)
05-06 17:38:08.846  1147  3104 D SettingsSliceProvider: 	at com.android.settings.slices.SettingsSliceProvider.loadSlice(SettingsSliceProvider.java:426)
05-06 17:38:08.846  1147  3104 D SettingsSliceProvider: 	at com.android.settings.slices.SettingsSliceProvider.lambda$loadSliceInBackground$5(SettingsSliceProvider.java:457)
05-06 17:38:08.846  1147  3104 D SettingsSliceProvider: 	at com.android.settings.slices.SettingsSliceProvider.$r8$lambda$F6THPPOOlgUQrkUG5e2ThbF-zrY(SettingsSliceProvider.java:0)
05-06 17:38:08.846  1147  3104 D SettingsSliceProvider: 	at com.android.settings.slices.SettingsSliceProvider$$ExternalSyntheticLambda4.run(R8$$SyntheticClass:0)
05-06 17:38:08.846  1147  3104 D SettingsSliceProvider: 	at java.util.concurrent.Executors$RunnableAdapter.call(Executors.java:524)
05-06 17:38:08.846  1147  3104 D SettingsSliceProvider: 	at com.google.common.util.concurrent.TrustedListenableFutureTask$TrustedFutureInterruptibleTask.runInterruptibly(TrustedListenableFutureTask.java:131)
05-06 17:38:08.846  1147  3104 D SettingsSliceProvider: 	at com.google.common.util.concurrent.InterruptibleTask.run(InterruptibleTask.java:76)
05-06 17:38:08.846  1147  3104 D SettingsSliceProvider: 	at com.google.common.util.concurrent.TrustedListenableFutureTask.run(TrustedListenableFutureTask.java:82)
05-06 17:38:08.846  1147  3104 D SettingsSliceProvider: 	at java.util.concurrent.ThreadPoolExecutor.runWorker(ThreadPoolExecutor.java:1156)
05-06 17:38:08.846  1147  3104 D SettingsSliceProvider: 	at java.util.concurrent.ThreadPoolExecutor$Worker.run(ThreadPoolExecutor.java:651)
05-06 17:38:08.846  1147  3104 D SettingsSliceProvider: 	at java.lang.Thread.run(Thread.java:1119)
05-06 17:38:08.847  1147  1158 D SliceBuilder: Creating slice for: com.android.settings.fuelgauge.batterysaver.BatterySaverButtonPreferenceController
05-06 17:38:08.849  1147  1158 W SatelliteRepository: SatelliteManager is null
05-06 17:38:08.850  1147  3121 D SliceBroadcastRelay: Unregistering uri broadcast relay: content://android.settings.slices/action/bluetooth
05-06 17:38:08.851   671   701 I WifiService: getWifiEnabledState uid=1000 state=3
05-06 17:38:08.851  1147  3121 D WifiSlice: calling uid name : com.google.android.settings.intelligence
05-06 17:38:08.852  1147  3121 W SatelliteRepository: SatelliteManager is null
05-06 17:38:08.853  1147  3121 W SatelliteRepository: SatelliteManager is null
05-06 17:38:08.855  1147  1147 D SettingsSliceProvider: Stopping background worker for: content://android.settings.slices/action/wifi
05-06 17:38:08.856   671   701 I WifiService: getVerboseLoggingLevel uid=1000
05-06 17:38:08.856  1147  1147 V WifiPickerTracker: onStop
05-06 17:38:08.856  1147  3691 I WifiPickerTracker: Scanning stopped
05-06 17:38:08.856   671   701 I WifiService: removeWifiStateChangedListener uid=1000
05-06 17:38:09.566   671   701 D WifiNl80211Manager: Scan result ready event
05-06 17:38:09.566   923   923 D wpa_supplicant: nl80211: Drv Event 34 (NL80211_CMD_NEW_SCAN_RESULTS) received for wlan0
05-06 17:38:09.566   923   923 D wpa_supplicant: wlan0: nl80211: New scan results available
05-06 17:38:09.566   923   923 D wpa_supplicant: nl80211: Scan probed for SSID ''
05-06 17:38:09.566   923   923 D wpa_supplicant: nl80211: Scan included frequencies: 2412 2417 2422 2427 2432 2437 2442 2447 2452 2457 2462 2467 2472 2484
05-06 17:38:09.566   923   923 D wpa_supplicant: wlan0: Event SCAN_RESULTS (3) received
05-06 17:38:09.566   671   701 D WifiNative: Scan result ready event
05-06 17:38:09.566   923   923 D wpa_supplicant: nl80211: Received scan results (1 BSSes)
05-06 17:38:09.566   923   923 D wpa_supplicant: nl80211: Scan results indicate BSS status with 00:13:10:85:fe:01 as associated
05-06 17:38:09.566   923   923 D wpa_supplicant: wlan0: BSS: Start scan result update 5
05-06 17:38:09.566   923   923 D wpa_supplicant: BSS: last_scan_res_used=1/32
05-06 17:38:09.566   923   923 D wpa_supplicant: wlan0: New scan results available (own=0 ext=1)
05-06 17:38:09.566   923   923 D wpa_supplicant: wlan0: Do not use results from externally requested scan operation for network selection
05-06 17:38:09.566   923   923 D wpa_supplicant: p2p-dev-wlan0: Updating scan results from sibling
05-06 17:38:09.566   923   923 D wpa_supplicant: nl80211: Received scan results (1 BSSes)
05-06 17:38:09.566   923   923 D wpa_supplicant: p2p-dev-wlan0: BSS: Start scan result update 5
05-06 17:38:09.566   923   923 D wpa_supplicant: BSS: last_scan_res_used=1/32
05-06 17:38:09.566   923   923 D wpa_supplicant: p2p-dev-wlan0: New scan results available (own=0 ext=1)
05-06 17:38:09.566   923   923 D wpa_supplicant: p2p-dev-wlan0: Do not use results from externally requested scan operation for network selection
05-06 17:38:09.566   671   847 D WifiNl80211Manager: get 1 scan results from wificond
05-06 17:38:09.567   671   847 D WifiNative: get 1 scan results from wificond
05-06 17:38:09.567  1255  2171 I WifiScanner: onFullResults
05-06 17:38:09.567  1147  3121 I WifiScanner: onFullResults
05-06 17:38:09.567   671   847 I WifiScanningService: singleScanResults: ClientInfo[uid=1000, package=com.android.settings, attributionTag=null, android.net.wifi.IWifiScannerListener$Stub$Proxy@e38f853],results=1
05-06 17:38:09.567   671   847 I WifiScanningService: singleScanResults listener: ClientInfo[uid=1000, package=android, attributionTag=null, com.android.server.wifi.scanner.WifiScannerInternal$ScanListener@fa6d9e5],results=1
05-06 17:38:09.568   671   847 I WifiScanningService: singleScanResults listener: ClientInfo[uid=1000, package=android, attributionTag=null, com.android.server.wifi.scanner.WifiScannerInternal$ScanListener@5b9ea86],results=1
05-06 17:38:09.568   671   847 I WifiScanningService: singleScanResults listener: ClientInfo[uid=1000, package=android, attributionTag=null, com.android.server.wifi.scanner.WifiScannerInternal$ScanListener@7fd110f],results=1
05-06 17:38:09.568   671   847 I WifiScanningService: singleScanResults listener: ClientInfo[uid=10144, package=com.google.android.gms, attributionTag=network_location_provider, android.net.wifi.IWifiScannerListener$Stub$Proxy@76c6f20],results=1
05-06 17:38:09.568   671   847 I WifiScanningService: Unregistering listener= android.net.wifi.IWifiScannerListener$Stub$Proxy@e38f853 uid=1000 packageName=com.android.settings workSource=WorkSource{1000}
05-06 17:38:09.569   671   843 D WifiScanRequestProxy: Scan results received
05-06 17:38:09.570   671   843 D WifiScanRequestProxy: Received 1 scan results
05-06 17:38:09.570   671   843 D WifiHealthMonitor:  2G scanResult count: 1, Above2g scanResult count: 0
05-06 17:38:09.570   671   843 V WifiConfigManager: getSavedNetworkFromScanResult Found "AndroidWifi"NONE for AndroidWifi[[ESS]]
05-06 17:38:09.574   671   843 I HalDevMgr: bestIfaceCreationProposal is null, requestIface=STA, existingIface=[name=wlan0 type=STA]
05-06 17:38:09.574   671   843 V WifiConnectivityManager: Clearing blocklist for REASON_FRAMEWORK_DISCONNECT_FAST_RECONNECT
05-06 17:38:09.574   671   843 V WifiConnectivityManager: AllSingleScanListener onResults: start network selection
05-06 17:38:09.574   671   843 V WifiConfigManager: getSavedNetworkFromScanResult Found "AndroidWifi"NONE for AndroidWifi[[ESS]]
05-06 17:38:09.574   671   843 D WifiNetworkSelector: Current connected network: 0
05-06 17:38:09.574   671   843 D WifiNetworkSelector: wlan0: Current connected network already sufficient. Skip network selection.
05-06 17:38:09.574   671   843 V WifiLastResortWatchdog: updateAvailableNetworks: size = 0
05-06 17:38:09.575   671   843 V WifiLastResortWatchdog: mWatchdogFeatureEnabled: true
05-06 17:38:09.575   671   843 V WifiLastResortWatchdog: mWatchdogAllowedToTrigger: true
05-06 17:38:09.575   671   843 V WifiLastResortWatchdog: mRecentAvailableNetworks: 1
05-06 17:38:09.575   671   843 V WifiLastResortWatchdog:  00:13:10:85:fe:01: "AndroidWifi" HasEverConnected: true, Failures: {Assoc: 0, Auth: 0, Dhcp: 0}, Age: 4
05-06 17:38:09.575   671   843 V WifiLastResortWatchdog: mSsidFailureCount:
05-06 17:38:09.575   671   843 V WifiLastResortWatchdog: "AndroidWifi": 1, HasEverConnected: true, Failures: {Assoc: 0, Auth: 0, Dhcp: 0}
05-06 17:38:09.575   671   843 V WifiConnectivityManager: AllSingleScanListener:  No candidates
05-06 17:38:09.640   671   843 D WifiClientModeImpl[8610:wlan0]: updateLinkLayerStatsRssiSpeedFrequencyCapabilities rssi=-50 TxLinkspeed=1 freq=2447 RxLinkSpeed=2
05-06 17:38:09.641   671   843 D WifiDataStall: tx tput in kbps: 11000
05-06 17:38:09.641   671   843 D WifiDataStall: rx tput in kbps: 11000
05-06 17:38:09.641   671   843 V WifiConfigManager: Updating scan detail cache freq=2447 BSSID=00:13:10:85:fe:01 RSSI=-50 for "AndroidWifi"NONE
05-06 17:38:09.641   671   843 D WifiThroughputPredictor:  utilization (LLS) 80 isBluetoothConnected: false final utilization: 80
05-06 17:38:09.641   671   843 D WifiThroughputPredictor:  BW: 0 RSSI: -50 Nss: 1 Mode: 1 symDur: 4000 snrDb 30 bitPerTone: 4500 rate: 54 throughput: 11
05-06 17:38:09.641   671   843 D WifiThroughputPredictor:  utilization (LLS) 80 isBluetoothConnected: false final utilization: 80
05-06 17:38:09.641   671   843 D WifiThroughputPredictor:  BW: 0 RSSI: -50 Nss: 1 Mode: 1 symDur: 4000 snrDb 30 bitPerTone: 4500 rate: 54 throughput: 11
05-06 17:38:09.641   671   843 D WifiThroughputPredictor:  utilization (LLS) 80 isBluetoothConnected: false final utilization: 80
05-06 17:38:09.641   671   843 D WifiThroughputPredictor:  BW: 0 RSSI: -50 Nss: 1 Mode: 1 symDur: 4000 snrDb 30 bitPerTone: 4500 rate: 54 throughput: 11
05-06 17:38:09.641   671   843 D WifiThroughputPredictor:  utilization (LLS) 80 isBluetoothConnected: false final utilization: 80
05-06 17:38:09.641   671   843 D WifiThroughputPredictor:  BW: 0 RSSI: -50 Nss: 1 Mode: 1 symDur: 4000 snrDb 30 bitPerTone: 4500 rate: 54 throughput: 11
05-06 17:38:09.643   671   843 D WifiScoreCard: BSSID update SIGNAL_POLL ID: 786848858 SSID: "AndroidWifi", BSSID: 00:13:10:85:fe:01, MAC: 02:15:b2:00:00:00, IP: /10.0.2.16, Security type: 0, Supplicant state: COMPLETED, Wi-Fi standard: legacy, RSSI: -50, Link speed: 1Mbps, Tx Link speed: 1Mbps, Max Supported Tx Link speed: 11Mbps, Rx Link speed: 2Mbps, Max Supported Rx Link speed: 11Mbps, Frequency: 2447MHz, Net ID: 0, Metered hint: false, score: 60, isUsable: true, CarrierMerged: false, SubscriptionId: -1, IsPrimary: 1, Trusted: true, Restricted: false, Ephemeral: false, OEM paid: false, OEM private: false, OSU AP: false, FQDN: <none>, Provider friendly name: <none>, Requesting package name: <none>"AndroidWifi"openMLO Information: , Is TID-To-Link negotiation supported by the AP: false, AP MLD Address: <none>, AP MLO Link Id: <none>, AP MLO Affiliated links: <none>, Vendor Data: <none>
05-06 17:38:09.643   671   843 D WifiScoreCard: txRate: 5 txSpeed: 1
05-06 17:38:09.643   671   843 D WifiScoreCard: network update SIGNAL_POLL "AndroidWifi" ID: 1628418683 RSSI -50 txSpeed 1
05-06 17:38:09.643   671   843 D WifiClientModeImpl[8610:wlan0]:  ClientModeImpl$L2ConnectedState screen=on 1 0 "AndroidWifi" 00:13:10:85:fe:01 rssi=-50 f=2447 sc=60 link=1 tx=4.9, 0.0, 0.0 rx=5.0 bcn=0 [on:0 tx:0 rx:0 period:3005] from screen [on:0 period:-12970901] score=60
05-06 17:38:09.798  3696  3696 W screencap: Thread Pool max thread count is 0. Cannot cache binder as linkToDeath cannot be implemented. serviceName: SurfaceFlingerAIDL
05-06 17:38:09.798  3696  3696 W BpBinder: Linking to death on android.gui.ISurfaceComposer but there are no threads (yet?) listening to incoming transactions. See ProcessState::startThreadPool and ProcessState::setThreadPoolMaxThreadCount. Generally you should setup the binder threadpool before other initialization steps.
05-06 17:38:09.799  3696  3696 W ProcessState: Extra binder thread started, but 0 threads requested. Do not use *startThreadPool when zero threads are requested.
05-06 17:38:09.800   517   567 E HwcComposer: getLuts failed Status(-8, EX_SERVICE_SPECIFIC): '8: '
05-06 17:38:09.800   517   567 E HWComposer: getLuts: getLuts failed for display 4619827259835644672: UNSUPPORTED (8)
--------- beginning of kernel
05-06 17:38:09.806   219   219 I servicemanager: Caller(pid=3696,uid=2000,sid=u:r:shell:s0) Found android.hardware.graphics.allocator.IAllocator/default in device VINTF manifest.
05-06 17:38:09.806   219   219 I servicemanager: Caller(pid=3696,uid=2000,sid=u:r:shell:s0) Found android.hardware.graphics.allocator.IAllocator/default in device VINTF manifest.
05-06 17:38:09.807   219   219 I servicemanager: Caller(pid=3696,uid=2000,sid=u:r:shell:s0) Found mapper/ranchu in device VINTF manifest.
