05-06 17:37:20.961  3518  3539 W unknown:ViewManagerPropertyUpdater: Could not find generated setter for class com.horcrux.svg.RenderableViewManager$FeGaussianBlurManager
05-06 17:37:20.961  3518  3539 W unknown:ViewManagerPropertyUpdater: Could not find generated setter for class com.facebook.react.views.progressbar.ReactProgressBarViewManager
05-06 17:37:20.962  3518  3539 W unknown:ViewManagerPropertyUpdater: Could not find generated setter for class com.facebook.react.views.progressbar.ProgressBarShadowNode
05-06 17:37:20.962  3518  3539 W unknown:ViewManagerPropertyUpdater: Could not find generated setter for class com.facebook.react.views.scroll.ReactHorizontalScrollViewManager
05-06 17:37:20.963  3518  3539 W unknown:ViewManagerPropertyUpdater: Could not find generated setter for class com.facebook.react.views.text.ReactTextViewManager
05-06 17:37:20.965  3518  3539 W unknown:ViewManagerPropertyUpdater: Could not find generated setter for class com.facebook.react.views.text.ReactTextShadowNode
05-06 17:37:20.965  3518  3539 W unknown:ViewManagerPropertyUpdater: Could not find generated setter for class com.horcrux.svg.RenderableViewManager$FeColorMatrixManager
05-06 17:37:20.966  1066  1066 D BaseDepthController: setSurface:
05-06 17:37:20.966  1066  1066 D BaseDepthController: 	mWaitingOnSurfaceValidity: false
05-06 17:37:20.966  1066  1066 D BaseDepthController: 	mBaseSurface: null
05-06 17:37:20.966  1066  1066 D BaseDepthController: mSurface is null and mCurrentBlur is: 0
05-06 17:37:20.966  3518  3539 W unknown:ViewManagerPropertyUpdater: Could not find generated setter for class com.facebook.react.views.scroll.ReactHorizontalScrollContainerViewManager
05-06 17:37:20.967  3518  3539 W unknown:ViewManagerPropertyUpdater: Could not find generated setter for class com.horcrux.svg.RenderableViewManager$ClipPathViewManager
05-06 17:37:20.967  3518  3539 W unknown:ViewManagerPropertyUpdater: Could not find generated setter for class com.horcrux.svg.RenderableViewManager$SymbolManager
05-06 17:37:20.967  1066  1066 D StateManager: goToState - fromState: Normal, toState: Normal, partial trace:
05-06 17:37:20.967  1066  1066 D StateManager: 	at com.android.launcher3.statemanager.StateManager.moveToRestState(go/retraceme 43e00d9cd0eb17b3d9dd30fc1741b1c71445c4c0f7c8c9b81300265c86c5b873:4)
05-06 17:37:20.967  1066  1066 D StateManager: 	at com.android.launcher3.statemanager.StateManager.moveToRestState(go/retraceme 43e00d9cd0eb17b3d9dd30fc1741b1c71445c4c0f7c8c9b81300265c86c5b873:1)
05-06 17:37:20.967  1066  1066 D StateManager: 	at com.android.launcher3.statemanager.StatefulActivity.onStop(go/retraceme 43e00d9cd0eb17b3d9dd30fc1741b1c71445c4c0f7c8c9b81300265c86c5b873:34)
05-06 17:37:20.967  3518  3539 W unknown:ViewManagerPropertyUpdater: Could not find generated setter for class com.horcrux.svg.RenderableViewManager$PatternManager
05-06 17:37:20.968  3518  3539 W unknown:ViewManagerPropertyUpdater: Could not find generated setter for class com.horcrux.svg.RenderableViewManager$FeBlendManager
05-06 17:37:20.968  1066  1066 D StatsLog: LAUNCHER_ONSTOP
05-06 17:37:20.969  1066  1066 D StatsLog: LAUNCHER_GOOGLE_SEARCH_RESTORE_LIST_SIZE_AFTER_ACTIVITY_RESTART
05-06 17:37:20.969   671   721 I ActivityTaskManager: Displayed io.chartkit.showcase/.MainActivity for user 0: +423ms
05-06 17:37:20.969  3518  3539 W unknown:ViewManagerPropertyUpdater: Could not find generated setter for class com.facebook.react.views.view.ReactViewManager
05-06 17:37:20.972   671   764 I AppWidgetServiceImpl: setAppWidgetHidden() 0
05-06 17:37:20.973  3518  3539 W unknown:ViewManagerPropertyUpdater: Could not find generated setter for class com.horcrux.svg.SvgViewManager
05-06 17:37:20.974  3518  3539 W unknown:ViewManagerPropertyUpdater: Could not find generated setter for class com.facebook.react.views.switchview.ReactSwitchManager
05-06 17:37:20.975  3518  3539 W unknown:ViewManagerPropertyUpdater: Could not find generated setter for class com.facebook.react.views.switchview.ReactSwitchShadowNode
05-06 17:37:20.975  3518  3539 W unknown:ViewManagerPropertyUpdater: Could not find generated setter for class com.horcrux.svg.RenderableViewManager$UseViewManager
05-06 17:37:20.976  3518  3539 W unknown:ViewManagerPropertyUpdater: Could not find generated setter for class com.horcrux.svg.RenderableViewManager$CircleViewManager
05-06 17:37:20.976  3518  3539 W unknown:ViewManagerPropertyUpdater: Could not find generated setter for class com.horcrux.svg.RenderableViewManager$TSpanViewManager
05-06 17:37:20.977  3518  3539 W unknown:ViewManagerPropertyUpdater: Could not find generated setter for class com.horcrux.svg.RenderableViewManager$FilterManager
05-06 17:37:20.977  3518  3539 W unknown:ViewManagerPropertyUpdater: Could not find generated setter for class com.horcrux.svg.RenderableViewManager$MarkerManager
05-06 17:37:20.978  3518  3539 W unknown:ViewManagerPropertyUpdater: Could not find generated setter for class com.swmansion.gesturehandler.react.RNGestureHandlerButtonViewManager
05-06 17:37:20.978  3518  3539 W unknown:ViewManagerPropertyUpdater: Could not find generated setter for class com.facebook.react.views.modal.ReactModalHostManager
05-06 17:37:20.978  3518  3539 W unknown:ViewManagerPropertyUpdater: Could not find generated setter for class com.horcrux.svg.RenderableViewManager$ForeignObjectManager
05-06 17:37:20.979   671   849 D ConnectivityService: handleLingerComplete for [100 CELLULAR]
05-06 17:37:20.979  3518  3539 W unknown:ViewManagerPropertyUpdater: Could not find generated setter for class com.horcrux.svg.RenderableViewManager$EllipseViewManager
05-06 17:37:20.979  3518  3539 W unknown:ViewManagerPropertyUpdater: Could not find generated setter for class com.horcrux.svg.RenderableViewManager$LineViewManager
05-06 17:37:20.980  3518  3539 W unknown:ViewManagerPropertyUpdater: Could not find generated setter for class com.facebook.react.views.text.frescosupport.FrescoBasedReactTextInlineImageViewManager
05-06 17:37:20.980  3518  3539 W unknown:ViewManagerPropertyUpdater: Could not find generated setter for class com.facebook.react.views.text.frescosupport.FrescoBasedReactTextInlineImageShadowNode
05-06 17:37:20.980  3518  3539 W unknown:ViewManagerPropertyUpdater: Could not find generated setter for class com.horcrux.svg.RenderableViewManager$FeFloodManager
05-06 17:37:20.980  3518  3539 W unknown:ViewManagerPropertyUpdater: Could not find generated setter for class com.horcrux.svg.RenderableViewManager$GroupViewManager
05-06 17:37:20.981  3518  3539 W unknown:ViewManagerPropertyUpdater: Could not find generated setter for class com.horcrux.svg.RenderableViewManager$TextViewManager
05-06 17:37:20.981  3518  3539 W unknown:ViewManagerPropertyUpdater: Could not find generated setter for class com.horcrux.svg.RenderableViewManager$ImageViewManager
05-06 17:37:20.981  3518  3539 W unknown:ViewManagerPropertyUpdater: Could not find generated setter for class com.horcrux.svg.RenderableViewManager$FeCompositeManager
05-06 17:37:20.982  3518  3539 W unknown:ViewManagerPropertyUpdater: Could not find generated setter for class com.facebook.react.views.image.ReactImageManager
05-06 17:37:20.982  3518  3539 W unknown:ViewManagerPropertyUpdater: Could not find generated setter for class com.horcrux.svg.RenderableViewManager$RadialGradientManager
05-06 17:37:20.982  3518  3539 W unknown:ViewManagerPropertyUpdater: Could not find generated setter for class com.horcrux.svg.RenderableViewManager$MaskManager
05-06 17:37:20.983  3518  3539 W unknown:ViewManagerPropertyUpdater: Could not find generated setter for class com.facebook.react.views.unimplementedview.ReactUnimplementedViewManager
05-06 17:37:20.983  3518  3539 W unknown:ViewManagerPropertyUpdater: Could not find generated setter for class com.horcrux.svg.RenderableViewManager$RectViewManager
05-06 17:37:20.983  3518  3539 W unknown:ViewManagerPropertyUpdater: Could not find generated setter for class com.horcrux.svg.RenderableViewManager$TextPathViewManager
05-06 17:37:20.984  3518  3539 W unknown:ViewManagerPropertyUpdater: Could not find generated setter for class com.facebook.react.views.scroll.ReactScrollViewManager
05-06 17:37:20.993  3518  3539 W unknown:ViewManagerPropertyUpdater: Could not find generated setter for class com.horcrux.svg.RenderableViewManager$FeOffsetManager
05-06 17:37:20.994  3518  3539 W unknown:ViewManagerPropertyUpdater: Could not find generated setter for class com.horcrux.svg.RenderableViewManager$PathViewManager
05-06 17:37:20.994  3518  3539 W unknown:ViewManagerPropertyUpdater: Could not find generated setter for class com.facebook.react.views.drawer.ReactDrawerLayoutManager
05-06 17:37:20.994  3518  3539 W unknown:ViewManagerPropertyUpdater: Could not find generated setter for class com.facebook.react.views.text.ReactVirtualTextViewManager
05-06 17:37:20.994  3518  3539 W unknown:ViewManagerPropertyUpdater: Could not find generated setter for class com.facebook.react.views.text.ReactVirtualTextShadowNode
05-06 17:37:20.995  3518  3539 W unknown:ViewManagerPropertyUpdater: Could not find generated setter for class com.facebook.react.views.swiperefresh.SwipeRefreshLayoutManager
05-06 17:37:20.995  3518  3539 W unknown:ViewManagerPropertyUpdater: Could not find generated setter for class com.facebook.react.views.text.ReactRawTextManager
05-06 17:37:20.995  3518  3539 W unknown:ViewManagerPropertyUpdater: Could not find generated setter for class com.facebook.react.views.text.ReactRawTextShadowNode
05-06 17:37:20.995  3518  3539 W unknown:ViewManagerPropertyUpdater: Could not find generated setter for class com.facebook.react.views.textinput.ReactTextInputManager
05-06 17:37:20.996  3518  3539 W unknown:ViewManagerPropertyUpdater: Could not find generated setter for class com.facebook.react.views.textinput.ReactTextInputShadowNode
05-06 17:37:20.996  3518  3539 W unknown:ViewManagerPropertyUpdater: Could not find generated setter for class com.swmansion.gesturehandler.react.RNGestureHandlerRootViewManager
05-06 17:37:21.011   671   814 I ImeTracker: io.chartkit.showcase:935e8977: onRequestHide at ORIGIN_SERVER reason HIDE_UNSPECIFIED_WINDOW fromUser false
05-06 17:37:21.012   671   895 D BackgroundInstallControlService: Package event received: 0
05-06 17:37:21.013  3518  3518 D InsetsController: hide(ime(), fromIme=false)
05-06 17:37:21.013  3518  3518 I ImeTracker: io.chartkit.showcase:935e8977: onCancelled at PHASE_CLIENT_ALREADY_HIDDEN
05-06 17:37:21.014  3518  3539 W BridgelessReactContext: [WARNING] Bridgeless doesn't support CatalystInstance. Accessing an API that's not part of the new architecture is not encouraged usage.
05-06 17:37:21.015  3518  3539 I ExpoModulesCore: ✅ JSI interop was installed
05-06 17:37:21.016  3518  3539 I ExpoModulesCore: ✅ Constants were exported
05-06 17:37:21.017   671   699 I ImeTracker: system_server:c71e98ab: onRequestHide at ORIGIN_SERVER reason IME_REQUESTED_CHANGED_LISTENER fromUser false
05-06 17:37:21.017   671   724 I ImeTracker: system_server:c71e98ab: onCancelled at PHASE_SERVER_SHOULD_HIDE
05-06 17:37:21.025  3518  3539 I ReactNativeJS: Running "main"
05-06 17:37:21.028  1511  1511 I GoogleInputMethodService: GoogleInputMethodService.onFinishInput():2043 
05-06 17:37:21.035  1511  1511 I Module  : DeviceLockedStatusModuleProvider$Module.updateDeviceLockedStatus():100 repeatCheckTimes = 0, locked = false
05-06 17:37:21.045  1511  1511 I GoogleInputMethodService: GoogleInputMethodService.onStartInput():1293 onStartInput(EditorInfo{EditorInfo{packageName=io.chartkit.showcase, inputType=0, inputTypeString=NULL, enableLearning=false, autoCorrection=false, autoComplete=false, imeOptions=0, privateImeOptions=null, actionName=UNSPECIFIED, actionLabel=null, initialSelStart=-1, initialSelEnd=-1, initialCapsMode=0, label=null, fieldId=0, fieldName=null, extras=null, hintText=null, hintLocales=[]}}, false)
05-06 17:37:21.048  1511  1511 I Module  : DeviceLockedStatusModuleProvider$Module.updateDeviceLockedStatus():100 repeatCheckTimes = 1, locked = false
05-06 17:37:21.049  1511  1511 I EmojiCompatManager: EmojiCompatManager.getEmojiCompatIfLoaded():343 EmojiCompat.init() was never called.
05-06 17:37:21.049  1511  1511 I EmojiCompatManager: java.lang.IllegalStateException: EmojiCompat is not initialized. Please call EmojiCompat.init() first
05-06 17:37:21.049  1511  1511 I EmojiCompatManager: 	at asx.p(PG:6)
05-06 17:37:21.049  1511  1511 I EmojiCompatManager: 	at axb.b(PG:13)
05-06 17:37:21.049  1511  1511 I EmojiCompatManager: 	at jnr.b(PG:2)
05-06 17:37:21.049  1511  1511 I EmojiCompatManager: 	at jnr.c(PG:4)
05-06 17:37:21.049  1511  1511 I EmojiCompatManager: 	at jnr.f(PG:3)
05-06 17:37:21.049  1511  1511 I EmojiCompatManager: 	at jnx.c(PG:3)
05-06 17:37:21.049  1511  1511 I EmojiCompatManager: 	at kif.cz(PG:47)
05-06 17:37:21.049  1511  1511 I EmojiCompatManager: 	at lhl.run(PG:1025)
05-06 17:37:21.049  1511  1511 I EmojiCompatManager: 	at jaf.execute(PG:12)
05-06 17:37:21.049  1511  1511 I EmojiCompatManager: 	at nco.v(PG:13)
05-06 17:37:21.049  1511  1511 I EmojiCompatManager: 	at lhn.m(PG:96)
05-06 17:37:21.049  1511  1511 I EmojiCompatManager: 	at lhn.k(PG:25)
05-06 17:37:21.049  1511  1511 I EmojiCompatManager: 	at kgn.onStartInput(PG:250)
05-06 17:37:21.049  1511  1511 I EmojiCompatManager: 	at android.inputmethodservice.InputMethodService.doStartInput(InputMethodService.java:3521)
05-06 17:37:21.049  1511  1511 I EmojiCompatManager: 	at android.inputmethodservice.InputMethodService$InputMethodImpl.startInput(InputMethodService.java:879)
05-06 17:37:21.049  1511  1511 I EmojiCompatManager: 	at android.inputmethodservice.InputMethodService$InputMethodImpl.dispatchStartInput(InputMethodService.java:908)
05-06 17:37:21.049  1511  1511 I EmojiCompatManager: 	at android.inputmethodservice.IInputMethodWrapper.executeMessage(IInputMethodWrapper.java:201)
05-06 17:37:21.049  1511  1511 I EmojiCompatManager: 	at com.android.internal.os.HandlerCaller$MyHandler.handleMessage(HandlerCaller.java:44)
05-06 17:37:21.049  1511  1511 I EmojiCompatManager: 	at android.os.Handler.dispatchMessage(Handler.java:110)
05-06 17:37:21.049  1511  1511 I EmojiCompatManager: 	at android.os.Looper.loopOnce(Looper.java:248)
05-06 17:37:21.049  1511  1511 I EmojiCompatManager: 	at android.os.Looper.loop(Looper.java:338)
05-06 17:37:21.049  1511  1511 I EmojiCompatManager: 	at android.app.ActivityThread.main(ActivityThread.java:9067)
05-06 17:37:21.049  1511  1511 I EmojiCompatManager: 	at java.lang.reflect.Method.invoke(Native Method)
05-06 17:37:21.049  1511  1511 I EmojiCompatManager: 	at com.android.internal.os.RuntimeInit$MethodAndArgsCaller.run(RuntimeInit.java:593)
05-06 17:37:21.049  1511  1511 I EmojiCompatManager: 	at com.android.internal.os.ZygoteInit.main(ZygoteInit.java:932)
05-06 17:37:21.052   671   699 W PackageConfigPersister: App-specific configuration not found for packageName: io.chartkit.showcase and userId: 0
05-06 17:37:21.310  1255  1255 I NearbyUWB: Initiating shutdown of ServiceControllerRouter dfko@47769c0. [CONTEXT service_id=49 ]
05-06 17:37:21.317  1255  2614 I NearbyUWB: Completed shutdown of ServiceControllerRouter dfko@47769c0. [CONTEXT service_id=49 ]
05-06 17:37:21.317  1255  1255 I Nearby  : Successfully shutdown executor ServiceControllerRouter.offBinderSerializer. [CONTEXT service_id=49 ]
05-06 17:37:21.318  1255  1255 I Nearby  : Successfully shutdown executor NearbyUwbServiceExecutor. [CONTEXT service_id=49 ]
05-06 17:37:21.347   941  1146 W WindowOnBackDispatcher: sendCancelIfRunning: isInProgress=false callback=android.view.ViewRootImpl$$ExternalSyntheticLambda13@ef9b96d
05-06 17:37:21.348   671  1871 D CoreBackPreview: Window{1dc1065 u0 Splash Screen io.chartkit.showcase EXITING}: Setting back callback null
05-06 17:37:21.351  1255  2230 I FontLog : Received query Noto Color Emoji Compat, URI content://com.google.android.gms.fonts [CONTEXT service_id=132 ]
05-06 17:37:21.351  1255  2230 I FontLog : Query [emojicompat-emoji-font] resolved to {Noto Color Emoji Compat, wdth 100.0, wght 400, ital 0.0, bestEffort false}, isVf false} [CONTEXT service_id=132 ]
05-06 17:37:21.362  1255  2230 I FontLog : Fetch {Noto Color Emoji Compat, wdth 100.0, wght 400, ital 0.0, bestEffort false}, isVf false} end status Status{statusCode=SUCCESS, resolution=null} [CONTEXT service_id=132 ]
05-06 17:37:21.364  1255  2230 I FontLog : Pulling font file for id = 12, cache size = 12 [CONTEXT service_id=132 ]
05-06 17:37:21.378  1255  2230 I FontLog : Pulling font file for id = 12, cache size = 12 [CONTEXT service_id=132 ]
05-06 17:37:21.417   671   723 I DropBoxManagerService: add tag=system_app_strictmode isTagEnabled=true flags=0x2
05-06 17:37:21.495  3518  3540 W unknown:ReactNative: StatusBarModule: Ignored status bar change, current activity is edge-to-edge.
05-06 17:37:21.495  3518  3540 W unknown:ReactNative: StatusBarModule: Ignored status bar change, current activity is edge-to-edge.
05-06 17:37:21.498  3518  3539 D nativeloader: Load /data/app/~~gQJ9Avr_pj1Ibw1L9-EyoA==/io.chartkit.showcase-QlfU6QuzO1wKiUjJBt0b8Q==/base.apk!/lib/arm64-v8a/libgesturehandler.so using class loader ns clns-9 (caller=/data/app/~~gQJ9Avr_pj1Ibw1L9-EyoA==/io.chartkit.showcase-QlfU6QuzO1wKiUjJBt0b8Q==/base.apk): ok
05-06 17:37:21.498  3518  3539 D jni_lib_merge: Entering merged library JNI_OnLoad.
05-06 17:37:21.498  3518  3539 D jni_lib_merge: Preparing 12 pre-merged libs (including stub)
05-06 17:37:21.498  3518  3539 D jni_lib_merge: Preparing to register libfabricjni_so.  onload_func: 0x6f5fed6edc
05-06 17:37:21.498  3518  3539 D jni_lib_merge: Preparing to register libreact_devsupportjni_so.  onload_func: 0x6f5ffa7f40
05-06 17:37:21.498  3518  3539 D jni_lib_merge: Preparing to register libreact_featureflagsjni_so.  onload_func: 0x6f5ffba9f8
05-06 17:37:21.498  3518  3539 D jni_lib_merge: Preparing to register libreact_newarchdefaults_so.  onload_func: 0x6f5ffdfe30
05-06 17:37:21.498  3518  3539 D jni_lib_merge: Preparing to register libreactnativeblob_so.  onload_func: 0x6f600725b0
05-06 17:37:21.498  3518  3539 D jni_lib_merge: Preparing to register libreactnativejni_so.  onload_func: 0x6f6008cb24
05-06 17:37:21.498  3518  3539 D jni_lib_merge: Preparing to register libreactnativejni_common_so.  onload_func: 0x6f60093458
05-06 17:37:21.498  3518  3539 D jni_lib_merge: Preparing to register librninstance_so.  onload_func: 0x6f600af070
05-06 17:37:21.498  3518  3539 D jni_lib_merge: Preparing to register libturbomodulejsijni_so.  onload_func: 0x6f601471a4
05-06 17:37:21.498  3518  3539 D jni_lib_merge: Preparing to register libuimanagerjni_so.  onload_func: 0x6f6014e7e0
05-06 17:37:21.498  3518  3539 D jni_lib_merge: Preparing to register libyoga_so.  onload_func: 0x6f60155da4
05-06 17:37:21.498  3518  3539 D jni_lib_merge: About to register 11 actual methods.
05-06 17:37:21.503  3518  3518 I ReactNative: [GESTURE HANDLER] Initialize gesture handler for root view com.facebook.react.runtime.ReactSurfaceView{aef1681 V.E...... ......ID 0,0-1080,2400 #1}
05-06 17:37:21.562   671   843 D WifiClientModeImpl[8610:wlan0]: updateLinkLayerStatsRssiSpeedFrequencyCapabilities rssi=-50 TxLinkspeed=1 freq=2447 RxLinkSpeed=2
05-06 17:37:21.562   671   843 D WifiDataStall: tx tput in kbps: 11000
05-06 17:37:21.562   671   843 D WifiDataStall: rx tput in kbps: 11000
05-06 17:37:21.563   671   843 V WifiConfigManager: Updating scan detail cache freq=2447 BSSID=00:13:10:85:fe:01 RSSI=-50 for "AndroidWifi"NONE
05-06 17:37:21.563   671   843 D WifiThroughputPredictor:  utilization (LLS) 80 isBluetoothConnected: false final utilization: 80
05-06 17:37:21.563   671   843 D WifiThroughputPredictor:  BW: 0 RSSI: -50 Nss: 1 Mode: 1 symDur: 4000 snrDb 30 bitPerTone: 4500 rate: 54 throughput: 11
05-06 17:37:21.563   671   843 D WifiThroughputPredictor:  utilization (LLS) 80 isBluetoothConnected: false final utilization: 80
05-06 17:37:21.563   671   843 D WifiThroughputPredictor:  BW: 0 RSSI: -50 Nss: 1 Mode: 1 symDur: 4000 snrDb 30 bitPerTone: 4500 rate: 54 throughput: 11
05-06 17:37:21.563   671   843 D WifiThroughputPredictor:  utilization (LLS) 80 isBluetoothConnected: false final utilization: 80
05-06 17:37:21.563   671   843 D WifiThroughputPredictor:  BW: 0 RSSI: -50 Nss: 1 Mode: 1 symDur: 4000 snrDb 30 bitPerTone: 4500 rate: 54 throughput: 11
05-06 17:37:21.563   671   843 D WifiThroughputPredictor:  utilization (LLS) 80 isBluetoothConnected: false final utilization: 80
05-06 17:37:21.563   671   843 D WifiThroughputPredictor:  BW: 0 RSSI: -50 Nss: 1 Mode: 1 symDur: 4000 snrDb 30 bitPerTone: 4500 rate: 54 throughput: 11
05-06 17:37:21.563   671   843 D WifiScoreCard: BSSID update SIGNAL_POLL ID: 786848858 SSID: "AndroidWifi", BSSID: 00:13:10:85:fe:01, MAC: 02:15:b2:00:00:00, IP: /10.0.2.16, Security type: 0, Supplicant state: COMPLETED, Wi-Fi standard: legacy, RSSI: -50, Link speed: 1Mbps, Tx Link speed: 1Mbps, Max Supported Tx Link speed: 11Mbps, Rx Link speed: 2Mbps, Max Supported Rx Link speed: 11Mbps, Frequency: 2447MHz, Net ID: 0, Metered hint: false, score: 60, isUsable: true, CarrierMerged: false, SubscriptionId: -1, IsPrimary: 1, Trusted: true, Restricted: false, Ephemeral: false, OEM paid: false, OEM private: false, OSU AP: false, FQDN: <none>, Provider friendly name: <none>, Requesting package name: <none>"AndroidWifi"openMLO Information: , Is TID-To-Link negotiation supported by the AP: false, AP MLD Address: <none>, AP MLO Link Id: <none>, AP MLO Affiliated links: <none>, Vendor Data: <none>
05-06 17:37:21.563   671   843 D WifiScoreCard: txRate: 1 txSpeed: 1
05-06 17:37:21.563   671   843 D WifiScoreCard: network update SIGNAL_POLL "AndroidWifi" ID: 1628418683 RSSI -50 txSpeed -1
05-06 17:37:21.564   671   843 D WifiClientModeImpl[8610:wlan0]:  ClientModeImpl$L2ConnectedState screen=on 1 0 "AndroidWifi" 00:13:10:85:fe:01 rssi=-50 f=2447 sc=60 link=1 tx=0.9, 0.0, 0.0 rx=0.7 bcn=0 [on:0 tx:0 rx:0 period:3002] from screen [on:0 period:-13018980] score=60
05-06 17:37:21.594  1632  2087 I ChimeraPrvdrProxy: Shutting down chimera ContentProvider com.google.android.gms.reminders.provider.RemindersChimeraProvider
05-06 17:37:22.381  1255  2614 I NearbyPresence: NetworkMonitorImpl stopped. [CONTEXT service_id=317 ]
05-06 17:37:22.381  1255  1255 D BoundBrokerSvc: onRebind: Intent { act=com.google.android.gms.nearby.uwb.service.START dat=chimera-action:/... xflg=0x4 cmp=com.google.android.gms/.chimera.PersistentApiServiceNoInstantApps }
05-06 17:37:22.381  1255  2614 I NearbyPresence: BroadcastEngineImplV1: Disabling engine. [CONTEXT service_id=317 ]
05-06 17:37:22.384  1255  2614 I NearbyUWB: Use AOSP Backend in UWB API. [CONTEXT service_id=49 ]
05-06 17:37:22.385  1255  1309 I NearbyConnections: Removed DeviceProvider(type 2).
05-06 17:37:22.385  1255  1309 I NearbyConnections: Successfully unregister device provider for endpointType 2 by client 211591341
05-06 17:37:22.385  1255  1309 I NearbyUWB: onGetService: Create client bridge with key com.google.android.gms146476152 [CONTEXT service_id=49 ]
05-06 17:37:22.386  1255  2614 I NearbyUWB: Screen unlocked: true [CONTEXT service_id=49 ]
05-06 17:37:22.388  1255  1309 I NearbyUWB: Analytics is enabled for package uwb.client.3p [CONTEXT service_id=49 ]
05-06 17:37:22.388  1255  1309 I NearbyUWB: Use the cached context to create the client bridge [CONTEXT service_id=49 ]
05-06 17:37:22.388  1255  1309 I NearbyUWB: Client 146476152 with package name com.google.android.gms, 0p Identifier null, and sdk version 252635000 has connected. [CONTEXT service_id=49 ]
05-06 17:37:22.718  3560  3560 W screencap: Thread Pool max thread count is 0. Cannot cache binder as linkToDeath cannot be implemented. serviceName: SurfaceFlingerAIDL
05-06 17:37:22.719  3560  3560 W BpBinder: Linking to death on android.gui.ISurfaceComposer but there are no threads (yet?) listening to incoming transactions. See ProcessState::startThreadPool and ProcessState::setThreadPoolMaxThreadCount. Generally you should setup the binder threadpool before other initialization steps.
05-06 17:37:22.719  3560  3560 W ProcessState: Extra binder thread started, but 0 threads requested. Do not use *startThreadPool when zero threads are requested.
05-06 17:37:22.724   517   567 E HwcComposer: getLuts failed Status(-8, EX_SERVICE_SPECIFIC): '8: '
05-06 17:37:22.724   517   567 E HWComposer: getLuts: getLuts failed for display 4619827259835644672: UNSUPPORTED (8)
05-06 17:37:22.731   219   219 I servicemanager: Caller(pid=3560,uid=2000,sid=u:r:shell:s0) Found android.hardware.graphics.allocator.IAllocator/default in device VINTF manifest.
05-06 17:37:22.732   219   219 I servicemanager: Caller(pid=3560,uid=2000,sid=u:r:shell:s0) Found android.hardware.graphics.allocator.IAllocator/default in device VINTF manifest.
05-06 17:37:22.732   219   219 I servicemanager: Caller(pid=3560,uid=2000,sid=u:r:shell:s0) Found mapper/ranchu in device VINTF manifest.
