--------- beginning of system
05-06 21:43:13.503   672  1092 W ActivityTaskManager: callingPackage for (uid=2000, pid=3734) has no WPC
--------- beginning of main
05-06 21:43:13.504   672  1092 V GrammaticalInflectionUtils: AttributionSource: AttributionSource { uid = 10213, packageName = null, attributionTag = null, token = android.os.Binder@908430e, deviceId = 0, next = null } does not have READ_SYSTEM_GRAMMATICAL_GENDER permission.
05-06 21:43:13.506   672  1092 W OptProp : Cannot read opt property android.window.PROPERTY_COMPAT_ALLOW_USER_ASPECT_RATIO_OVERRIDE
05-06 21:43:13.506   672  1092 W OptProp : Cannot read opt property android.window.PROPERTY_COMPAT_ALLOW_USER_ASPECT_RATIO_FULLSCREEN_OVERRIDE
05-06 21:43:13.509   672  1092 W OptProp : Cannot read opt property android.window.PROPERTY_COMPAT_ALLOW_RESIZEABLE_ACTIVITY_OVERRIDES
05-06 21:43:13.510   672  1092 W OptProp : Cannot read opt property android.window.PROPERTY_COMPAT_ALLOW_MIN_ASPECT_RATIO_OVERRIDE
05-06 21:43:13.515   519   807 I BpBinder: onLastStrongRef automatically unlinking death recipients: 
05-06 21:43:13.515   672  1092 I ActivityTaskManager: START u0 {act=android.intent.action.VIEW dat=chartkitshowcase://showcase/... flg=0x10000000 xflg=0x4 pkg=io.chartkit.showcase cmp=io.chartkit.showcase/.MainActivity} with LAUNCH_SINGLE_TASK from uid 2000 (BAL_ALLOW_PERMISSION) result code=3
05-06 21:43:13.517   941  1055 D WindowManagerShell: onActivityRestartAttempt: topActivity=ComponentInfo{io.chartkit.showcase/io.chartkit.showcase.MainActivity}, wasVisible=true
05-06 21:43:13.518  3659  3659 W unknown:BridgelessReact: ReactHost{0}.onHostPause(activity)
05-06 21:43:13.518   941  1845 D KeyguardService: setOccluded(false)
05-06 21:43:13.518  3659  3659 W unknown:BridgelessReact: ReactContext.onHostPause()
05-06 21:43:13.518   941  1845 D KeyguardViewMediator: setOccluded(false)
05-06 21:43:13.519  3659  3659 W unknown:BridgelessReact: ReactHost{0}.onHostResume(activity)
05-06 21:43:13.519  3659  3659 W unknown:BridgelessReact: ReactContext.onHostResume()
05-06 21:43:13.522   941   941 D KeyguardViewMediator: handleSetOccluded(false)
05-06 21:43:13.525   941   941 D KeyguardViewMediator: KeyguardViewMediator queue processing message: SET_OCCLUDED
05-06 21:43:13.529   672   728 W IPCThreadState: Sending oneway calls to frozen process.
05-06 21:43:13.530   672   728 W IPCThreadState: Sending oneway calls to frozen process.
05-06 21:43:13.530   672   728 W IPCThreadState: Sending oneway calls to frozen process.
05-06 21:43:13.530   672   728 W IPCThreadState: Sending oneway calls to frozen process.
05-06 21:43:13.530   672   728 W IPCThreadState: Sending oneway calls to frozen process.
05-06 21:43:13.530   672   728 W IPCThreadState: Sending oneway calls to frozen process.
05-06 21:43:13.530   672   728 W IPCThreadState: Sending oneway calls to frozen process.
05-06 21:43:13.530   672   728 W IPCThreadState: Sending oneway calls to frozen process.
05-06 21:43:13.530   672   728 W IPCThreadState: Sending oneway calls to frozen process.
05-06 21:43:13.530   672   728 W IPCThreadState: Sending oneway calls to frozen process.
05-06 21:43:13.530   672   728 W IPCThreadState: Sending oneway calls to frozen process.
05-06 21:43:13.530   672   728 W IPCThreadState: Sending oneway calls to frozen process.
05-06 21:43:13.530   672   728 W IPCThreadState: Sending oneway calls to frozen process.
05-06 21:43:13.530   672   728 W IPCThreadState: Sending oneway calls to frozen process.
05-06 21:43:13.530   672   728 W IPCThreadState: Sending oneway calls to frozen process.
05-06 21:43:13.530   672   728 W IPCThreadState: Sending oneway calls to frozen process.
05-06 21:43:13.530   672   728 W IPCThreadState: Sending oneway calls to frozen process.
05-06 21:43:13.530   672   728 W IPCThreadState: Sending oneway calls to frozen process.
05-06 21:43:13.531   672   728 W IPCThreadState: Sending oneway calls to frozen process.
05-06 21:43:13.531   672   728 W IPCThreadState: Sending oneway calls to frozen process.
05-06 21:43:13.531   672   728 W IPCThreadState: Sending oneway calls to frozen process.
05-06 21:43:13.531   672   728 W IPCThreadState: Sending oneway calls to frozen process.
05-06 21:43:13.531   672   728 W IPCThreadState: Sending oneway calls to frozen process.
05-06 21:43:13.531   672   728 W IPCThreadState: Sending oneway calls to frozen process.
05-06 21:43:13.531   672   728 W IPCThreadState: Sending oneway calls to frozen process.
05-06 21:43:13.531   672   728 W IPCThreadState: Sending oneway calls to frozen process.
05-06 21:43:13.531   672   728 W IPCThreadState: Sending oneway calls to frozen process.
05-06 21:43:13.531   672   728 W IPCThreadState: Sending oneway calls to frozen process.
05-06 21:43:13.531   672   728 W IPCThreadState: Sending oneway calls to frozen process.
05-06 21:43:13.531   672   728 W IPCThreadState: Sending oneway calls to frozen process.
05-06 21:43:13.531   672   728 W IPCThreadState: Sending oneway calls to frozen process.
05-06 21:43:13.531   672   728 W IPCThreadState: Sending oneway calls to frozen process.
05-06 21:43:13.531   672   728 W IPCThreadState: Sending oneway calls to frozen process.
05-06 21:43:13.842  3659  3659 E Surface : freeAllBuffers: 1 buffers were freed while being dequeued!
05-06 21:43:13.849  3659  3659 E EGL_emulation: eglQueryContext 32c0  EGL_BAD_ATTRIBUTE
05-06 21:43:13.849  3659  3659 E EGL_emulation: tid 3659: eglQueryContext(2159): error 0x3004 (EGL_BAD_ATTRIBUTE)
05-06 21:43:13.849  3659  3659 I SkiaTextureView: onSurfaceTextureAvailable:  975x677
05-06 21:43:13.863  3659  3659 E Surface : getSlotFromBufferLocked: unknown buffer: 0x3ee8e8ea3ec8c8ca
05-06 21:43:13.895  3659  3659 E artkit.showcase: [SurfaceTexture-0-3659-21] updateAndRelease: EGLConsumer is not attached to an OpenGL ES context
05-06 21:43:13.895  3659  3659 I RNSkia  : updateAndRelease() failed. The exception above can safely be ignored
05-06 21:43:13.937  3659  3659 E artkit.showcase: [SurfaceTexture-0-3659-21] updateAndRelease: EGLConsumer is not attached to an OpenGL ES context
05-06 21:43:13.937  3659  3659 I RNSkia  : updateAndRelease() failed. The exception above can safely be ignored
05-06 21:43:13.966  3659  3659 E artkit.showcase: [SurfaceTexture-0-3659-21] updateAndRelease: EGLConsumer is not attached to an OpenGL ES context
05-06 21:43:13.966  3659  3659 I RNSkia  : updateAndRelease() failed. The exception above can safely be ignored
05-06 21:43:13.987  3659  3659 E artkit.showcase: [SurfaceTexture-0-3659-21] updateAndRelease: EGLConsumer is not attached to an OpenGL ES context
05-06 21:43:13.987  3659  3659 I RNSkia  : updateAndRelease() failed. The exception above can safely be ignored
05-06 21:43:14.510   672   846 D WifiClientModeImpl[7910:wlan0]: updateLinkLayerStatsRssiSpeedFrequencyCapabilities rssi=-50 TxLinkspeed=1 freq=2447 RxLinkSpeed=2
05-06 21:43:14.511   672   846 D WifiDataStall: tx tput in kbps: 11000
05-06 21:43:14.511   672   846 D WifiDataStall: rx tput in kbps: 11000
05-06 21:43:14.511   672   846 V WifiConfigManager: Updating scan detail cache freq=2447 BSSID=00:13:10:85:fe:01 RSSI=-50 for "AndroidWifi"NONE
05-06 21:43:14.511   672   846 D WifiThroughputPredictor:  utilization (LLS) 80 isBluetoothConnected: false final utilization: 80
05-06 21:43:14.511   672   846 D WifiThroughputPredictor:  BW: 0 RSSI: -50 Nss: 1 Mode: 1 symDur: 4000 snrDb 30 bitPerTone: 4500 rate: 54 throughput: 11
05-06 21:43:14.511   672   846 D WifiThroughputPredictor:  utilization (LLS) 80 isBluetoothConnected: false final utilization: 80
05-06 21:43:14.511   672   846 D WifiThroughputPredictor:  BW: 0 RSSI: -50 Nss: 1 Mode: 1 symDur: 4000 snrDb 30 bitPerTone: 4500 rate: 54 throughput: 11
05-06 21:43:14.512   672   846 D WifiThroughputPredictor:  utilization (LLS) 80 isBluetoothConnected: false final utilization: 80
05-06 21:43:14.512   672   846 D WifiThroughputPredictor:  BW: 0 RSSI: -50 Nss: 1 Mode: 1 symDur: 4000 snrDb 30 bitPerTone: 4500 rate: 54 throughput: 11
05-06 21:43:14.512   672   846 D WifiThroughputPredictor:  utilization (LLS) 80 isBluetoothConnected: false final utilization: 80
05-06 21:43:14.512   672   846 D WifiThroughputPredictor:  BW: 0 RSSI: -50 Nss: 1 Mode: 1 symDur: 4000 snrDb 30 bitPerTone: 4500 rate: 54 throughput: 11
05-06 21:43:14.513   672   846 D WifiScoreCard: BSSID update SIGNAL_POLL ID: 786848858 SSID: "AndroidWifi", BSSID: 00:13:10:85:fe:01, MAC: 02:15:b2:00:00:00, IP: /10.0.2.16, Security type: 0, Supplicant state: COMPLETED, Wi-Fi standard: legacy, RSSI: -50, Link speed: 1Mbps, Tx Link speed: 1Mbps, Max Supported Tx Link speed: 11Mbps, Rx Link speed: 2Mbps, Max Supported Rx Link speed: 11Mbps, Frequency: 2447MHz, Net ID: 0, Metered hint: false, score: 60, isUsable: true, CarrierMerged: false, SubscriptionId: -1, IsPrimary: 1, Trusted: true, Restricted: false, Ephemeral: false, OEM paid: false, OEM private: false, OSU AP: false, FQDN: <none>, Provider friendly name: <none>, Requesting package name: <none>"AndroidWifi"openMLO Information: , Is TID-To-Link negotiation supported by the AP: false, AP MLD Address: <none>, AP MLO Link Id: <none>, AP MLO Affiliated links: <none>, Vendor Data: <none>
05-06 21:43:14.513   672   846 D WifiScoreCard: txRate: 3 txSpeed: 1
05-06 21:43:14.513   672   846 D WifiScoreCard: network update SIGNAL_POLL "AndroidWifi" ID: 1628418683 RSSI -50 txSpeed -1
05-06 21:43:14.514   672   846 D WifiClientModeImpl[7910:wlan0]:  ClientModeImpl$L2ConnectedState screen=on 1 0 "AndroidWifi" 00:13:10:85:fe:01 rssi=-50 f=2447 sc=60 link=1 tx=2.1, 0.0, 0.0 rx=2.0 bcn=0 [on:0 tx:0 rx:0 period:3011] from screen [on:0 period:1733970] score=60
05-06 21:43:16.151   672   798 D ActivityManager: freezing 3583 com.android.keychain
05-06 21:43:16.152   672   798 D ActivityManager: freezing 2595 com.android.dynsystem:dynsystem
05-06 21:43:16.562   930   930 D wpa_supplicant: nl80211: Drv Event 64 (NL80211_CMD_NOTIFY_CQM) received for wlan0
05-06 21:43:16.562   930   930 D wpa_supplicant: nl80211: Beacon loss event
05-06 21:43:16.562   930   930 D wpa_supplicant: wlan0: Event BEACON_LOSS (53) received
05-06 21:43:16.562   930   930 I wpa_supplicant: wlan0: CTRL-EVENT-BEACON-LOSS 
05-06 21:43:16.698   672   846 D WifiNetworkSelector: Current connected network: 0
05-06 21:43:16.701   672   846 V WifiConnectivityManager: No full band scan because current network is sufficient
05-06 21:43:16.705   672   846 V WifiConnectivityManager: schedulePeriodicScanTimer intervalMs 160000
05-06 21:43:16.707   672   850 I WifiScanningService: Registering listener= com.android.server.wifi.scanner.WifiScannerInternal$ScanListener@b26f28e uid=1000 packageName=null workSource=WorkSource{1000}
05-06 21:43:16.707   672   850 I WifiScanningService: start scan: ClientInfo[uid=1000, package=null, attributionTag=null, com.android.server.wifi.scanner.WifiScannerInternal$ScanListener@b26f28e] package null AttributionTag null
05-06 21:43:16.707   672   850 I WifiScanningService: addSingleScanRequest: ClientInfo[uid=1000, package=null, attributionTag=null, com.android.server.wifi.scanner.WifiScannerInternal$ScanListener@b26f28e],WorkSource{1010}, ScanSettings {  type:HIGH ACCURACY band:unspecified ignoreLocationSettings:false period:0 reportEvents:3 numBssidsPerScan:0 maxScansToCache:0 rnrSetting:2 6GhzPscOnlyEnabled:false channels:[ 2447  ]  } 
05-06 21:43:16.709  3739  3739 W screencap: Thread Pool max thread count is 0. Cannot cache binder as linkToDeath cannot be implemented. serviceName: SurfaceFlingerAIDL
05-06 21:43:16.711  3739  3739 W BpBinder: Linking to death on android.gui.ISurfaceComposer but there are no threads (yet?) listening to incoming transactions. See ProcessState::startThreadPool and ProcessState::setThreadPoolMaxThreadCount. Generally you should setup the binder threadpool before other initialization steps.
05-06 21:43:16.711  3739  3739 W ProcessState: Extra binder thread started, but 0 threads requested. Do not use *startThreadPool when zero threads are requested.
05-06 21:43:16.717   672   850 D WifiScanningService: replySucceeded onSuccess
05-06 21:43:16.721   519   568 E HwcComposer: getLuts failed Status(-8, EX_SERVICE_SPECIFIC): '8: '
05-06 21:43:16.721   519   568 E HWComposer: getLuts: getLuts failed for display 4619827259835644672: UNSUPPORTED (8)
05-06 21:43:16.730   930   930 D wpa_supplicant: nl80211: Drv Event 33 (NL80211_CMD_TRIGGER_SCAN) received for wlan0
05-06 21:43:16.730   930   930 D wpa_supplicant: wlan0: nl80211: Scan trigger
05-06 21:43:16.730   930   930 D wpa_supplicant: wlan0: Event SCAN_STARTED (47) received
05-06 21:43:16.730   930   930 D wpa_supplicant: wlan0: External program started a scan
--------- beginning of kernel
05-06 21:43:16.741   225   225 I servicemanager: Caller(pid=3739,uid=2000,sid=u:r:shell:s0) Found android.hardware.graphics.allocator.IAllocator/default in device VINTF manifest.
05-06 21:43:16.743   225   225 I servicemanager: Caller(pid=3739,uid=2000,sid=u:r:shell:s0) Found android.hardware.graphics.allocator.IAllocator/default in device VINTF manifest.
05-06 21:43:16.745   225   225 I servicemanager: Caller(pid=3739,uid=2000,sid=u:r:shell:s0) Found mapper/ranchu in device VINTF manifest.
05-06 21:43:16.789   672   997 D WifiNl80211Manager: Scan result ready event
05-06 21:43:16.789   672   997 D WifiNative: Scan result ready event
05-06 21:43:16.790   930   930 D wpa_supplicant: nl80211: Drv Event 34 (NL80211_CMD_NEW_SCAN_RESULTS) received for wlan0
05-06 21:43:16.790   930   930 D wpa_supplicant: wlan0: nl80211: New scan results available
05-06 21:43:16.792   672   850 D WifiNl80211Manager: get 1 scan results from wificond
05-06 21:43:16.793   930   930 D wpa_supplicant: nl80211: Scan probed for SSID ''
05-06 21:43:16.793   930   930 D wpa_supplicant: nl80211: Scan included frequencies: 2447
05-06 21:43:16.794   930   930 D wpa_supplicant: wlan0: Event SCAN_RESULTS (3) received
05-06 21:43:16.794   930   930 D wpa_supplicant: nl80211: Received scan results (1 BSSes)
05-06 21:43:16.794   930   930 D wpa_supplicant: nl80211: Scan results indicate BSS status with 00:13:10:85:fe:01 as associated
05-06 21:43:16.797   930   930 D wpa_supplicant: wlan0: BSS: Start scan result update 7
05-06 21:43:16.797   930   930 D wpa_supplicant: BSS: last_scan_res_used=1/32
05-06 21:43:16.797   930   930 D wpa_supplicant: wlan0: New scan results available (own=0 ext=1)
05-06 21:43:16.797   930   930 D wpa_supplicant: wlan0: Do not use results from externally requested scan operation for network selection
05-06 21:43:16.797   930   930 D wpa_supplicant: p2p-dev-wlan0: Updating scan results from sibling
05-06 21:43:16.797   930   930 D wpa_supplicant: nl80211: Received scan results (1 BSSes)
05-06 21:43:16.797   930   930 D wpa_supplicant: p2p-dev-wlan0: BSS: Start scan result update 7
05-06 21:43:16.797   930   930 D wpa_supplicant: BSS: last_scan_res_used=1/32
05-06 21:43:16.797   930   930 D wpa_supplicant: p2p-dev-wlan0: New scan results available (own=0 ext=1)
05-06 21:43:16.797   930   930 D wpa_supplicant: p2p-dev-wlan0: Do not use results from externally requested scan operation for network selection
05-06 21:43:16.798   672   850 D WifiNative: get 1 scan results from wificond
05-06 21:43:16.799   672   850 I WifiScanningService: singleScanResults: ClientInfo[uid=1000, package=null, attributionTag=null, com.android.server.wifi.scanner.WifiScannerInternal$ScanListener@b26f28e],results=1
05-06 21:43:16.799   672   850 I WifiScanningService: singleScanResults listener: ClientInfo[uid=1000, package=android, attributionTag=null, com.android.server.wifi.scanner.WifiScannerInternal$ScanListener@2cca66],results=1
05-06 21:43:16.799   672   850 I WifiScanningService: singleScanResults listener: ClientInfo[uid=1000, package=android, attributionTag=null, com.android.server.wifi.scanner.WifiScannerInternal$ScanListener@e15b4ac],results=1
05-06 21:43:16.799   672   850 I WifiScanningService: singleScanResults listener: ClientInfo[uid=1000, package=android, attributionTag=null, com.android.server.wifi.scanner.WifiScannerInternal$ScanListener@a7d5f8e],results=1
05-06 21:43:16.799   672   850 I WifiScanningService: singleScanResults listener: ClientInfo[uid=10144, package=com.google.android.gms, attributionTag=network_location_provider, android.net.wifi.IWifiScannerListener$Stub$Proxy@496fae0],results=1
05-06 21:43:16.800   672   850 I WifiScanningService: singleScanResults listener: ClientInfo[uid=10144, package=com.google.android.gms, attributionTag=fused_location_provider, android.net.wifi.IWifiScannerListener$Stub$Proxy@1101401],results=1
05-06 21:43:16.800   672   850 I WifiScanningService: Unregistering listener= com.android.server.wifi.scanner.WifiScannerInternal$ScanListener@b26f28e uid=1000 packageName=null workSource=WorkSource{1000}
05-06 21:43:16.801  1277  1999 I WifiScanner: onFullResults
05-06 21:43:16.801  1277  1915 I WifiScanner: onFullResults
05-06 21:43:16.813   672   846 D WifiScanRequestProxy: Scan results received
05-06 21:43:16.813   672   846 D WifiScanRequestProxy: Received 1 scan results
05-06 21:43:16.831   672   846 I HalDevMgr: bestIfaceCreationProposal is null, requestIface=STA, existingIface=[name=wlan0 type=STA]
05-06 21:43:16.832   672   846 V WifiConnectivityManager: AllSingleScanListener onResults: start network selection
05-06 21:43:16.832   672   846 V WifiConfigManager: getSavedNetworkFromScanResult Found "AndroidWifi"NONE for AndroidWifi[[ESS]]
05-06 21:43:16.838   672   846 D WifiNetworkSelector: Current connected network: 0
05-06 21:43:16.839   672   846 D WifiNetworkSelector: wlan0: Current connected network already sufficient. Skip network selection.
05-06 21:43:16.839   672   846 V WifiLastResortWatchdog: updateAvailableNetworks: size = 0
05-06 21:43:16.839   672   846 V WifiLastResortWatchdog: mWatchdogFeatureEnabled: true
05-06 21:43:16.839   672   846 V WifiLastResortWatchdog: mWatchdogAllowedToTrigger: true
05-06 21:43:16.839   672   846 V WifiLastResortWatchdog: mRecentAvailableNetworks: 1
05-06 21:43:16.839   672   846 V WifiLastResortWatchdog:  00:13:10:85:fe:01: "AndroidWifi" HasEverConnected: true, Failures: {Assoc: 0, Auth: 0, Dhcp: 0}, Age: 6
05-06 21:43:16.839   672   846 V WifiLastResortWatchdog: mSsidFailureCount:
05-06 21:43:16.839   672   846 V WifiLastResortWatchdog: "AndroidWifi": 1, HasEverConnected: true, Failures: {Assoc: 0, Auth: 0, Dhcp: 0}
05-06 21:43:16.840   672   846 V WifiConnectivityManager: AllSingleScanListener:  No candidates
