--------- beginning of system
05-06 21:52:17.805   672  1527 W ActivityTaskManager: callingPackage for (uid=2000, pid=3972) has no WPC
--------- beginning of main
05-06 21:52:17.806   672  1527 V GrammaticalInflectionUtils: AttributionSource: AttributionSource { uid = 10213, packageName = null, attributionTag = null, token = android.os.Binder@908430e, deviceId = 0, next = null } does not have READ_SYSTEM_GRAMMATICAL_GENDER permission.
05-06 21:52:17.807   672  1527 W OptProp : Cannot read opt property android.window.PROPERTY_COMPAT_ALLOW_USER_ASPECT_RATIO_OVERRIDE
05-06 21:52:17.807   672  1527 W OptProp : Cannot read opt property android.window.PROPERTY_COMPAT_ALLOW_USER_ASPECT_RATIO_FULLSCREEN_OVERRIDE
05-06 21:52:17.807   672  1527 W OptProp : Cannot read opt property android.window.PROPERTY_COMPAT_ALLOW_RESIZEABLE_ACTIVITY_OVERRIDES
05-06 21:52:17.807   672  1527 W OptProp : Cannot read opt property android.window.PROPERTY_COMPAT_ALLOW_MIN_ASPECT_RATIO_OVERRIDE
05-06 21:52:17.811   941  1406 D KeyguardService: setOccluded(false)
05-06 21:52:17.811   941  1406 D KeyguardViewMediator: setOccluded(false)
05-06 21:52:17.811   941   941 D KeyguardViewMediator: handleSetOccluded(false)
05-06 21:52:17.811   672  1527 I ActivityTaskManager: START u0 {act=android.intent.action.VIEW dat=chartkitshowcase://showcase/... flg=0x10000000 xflg=0x4 pkg=io.chartkit.showcase cmp=io.chartkit.showcase/.MainActivity} with LAUNCH_SINGLE_TASK from uid 2000 (BAL_ALLOW_PERMISSION) result code=3
05-06 21:52:17.812   941   941 D KeyguardViewMediator: KeyguardViewMediator queue processing message: SET_OCCLUDED
05-06 21:52:17.813   519  1165 I BpBinder: onLastStrongRef automatically unlinking death recipients: 
05-06 21:52:17.815   941  1055 D WindowManagerShell: onActivityRestartAttempt: topActivity=ComponentInfo{io.chartkit.showcase/io.chartkit.showcase.MainActivity}, wasVisible=true
05-06 21:52:17.816  3867  3867 W unknown:BridgelessReact: ReactHost{0}.onHostPause(activity)
05-06 21:52:17.816  3867  3867 W unknown:BridgelessReact: ReactContext.onHostPause()
05-06 21:52:17.818  3867  3867 W unknown:BridgelessReact: ReactHost{0}.onHostResume(activity)
05-06 21:52:17.818  3867  3867 W unknown:BridgelessReact: ReactContext.onHostResume()
05-06 21:52:17.833   672   728 W IPCThreadState: Sending oneway calls to frozen process.
05-06 21:52:17.833   672   728 W IPCThreadState: Sending oneway calls to frozen process.
05-06 21:52:17.833   672   728 W IPCThreadState: Sending oneway calls to frozen process.
05-06 21:52:17.833   672   899 D BackgroundInstallControlService: Package event received: 0
05-06 21:52:17.833   672   728 W IPCThreadState: Sending oneway calls to frozen process.
05-06 21:52:17.833   672   728 W IPCThreadState: Sending oneway calls to frozen process.
05-06 21:52:17.833   672   728 W IPCThreadState: Sending oneway calls to frozen process.
05-06 21:52:17.833   672   728 W IPCThreadState: Sending oneway calls to frozen process.
05-06 21:52:17.834   672   728 W IPCThreadState: Sending oneway calls to frozen process.
05-06 21:52:17.834   672   728 W IPCThreadState: Sending oneway calls to frozen process.
05-06 21:52:17.834   672   728 W IPCThreadState: Sending oneway calls to frozen process.
05-06 21:52:17.834   672   899 D BackgroundInstallControlService: Package event received: 0
05-06 21:52:17.834   672   728 W IPCThreadState: Sending oneway calls to frozen process.
05-06 21:52:17.834   672   899 D BackgroundInstallControlService: Package event received: 0
05-06 21:52:17.834   672   728 W IPCThreadState: Sending oneway calls to frozen process.
05-06 21:52:17.834   672   728 W IPCThreadState: Sending oneway calls to frozen process.
05-06 21:52:17.834   672   728 W IPCThreadState: Sending oneway calls to frozen process.
05-06 21:52:17.834   672   728 W IPCThreadState: Sending oneway calls to frozen process.
05-06 21:52:17.834   672   728 W IPCThreadState: Sending oneway calls to frozen process.
05-06 21:52:17.834   672   728 W IPCThreadState: Sending oneway calls to frozen process.
05-06 21:52:17.834   672   728 W IPCThreadState: Sending oneway calls to frozen process.
05-06 21:52:17.834   672   728 W IPCThreadState: Sending oneway calls to frozen process.
05-06 21:52:17.834   672   728 W IPCThreadState: Sending oneway calls to frozen process.
05-06 21:52:17.834   672   728 W IPCThreadState: Sending oneway calls to frozen process.
05-06 21:52:17.834   672   728 W IPCThreadState: Sending oneway calls to frozen process.
05-06 21:52:17.834   672   728 W IPCThreadState: Sending oneway calls to frozen process.
05-06 21:52:17.834   672   728 W IPCThreadState: Sending oneway calls to frozen process.
05-06 21:52:17.834   672   728 W IPCThreadState: Sending oneway calls to frozen process.
05-06 21:52:17.834   672   728 W IPCThreadState: Sending oneway calls to frozen process.
05-06 21:52:17.834   672   728 W IPCThreadState: Sending oneway calls to frozen process.
05-06 21:52:17.834   672   728 W IPCThreadState: Sending oneway calls to frozen process.
05-06 21:52:17.834   672   728 W IPCThreadState: Sending oneway calls to frozen process.
05-06 21:52:17.834   672   899 D BackgroundInstallControlService: Package event received: 0
05-06 21:52:17.834   672   728 W IPCThreadState: Sending oneway calls to frozen process.
05-06 21:52:17.834   672   728 W IPCThreadState: Sending oneway calls to frozen process.
05-06 21:52:17.834   672   728 W IPCThreadState: Sending oneway calls to frozen process.
05-06 21:52:17.834   672   728 W IPCThreadState: Sending oneway calls to frozen process.
05-06 21:52:17.834   672   728 W IPCThreadState: Sending oneway calls to frozen process.
05-06 21:52:17.834   672   728 W IPCThreadState: Sending oneway calls to frozen process.
05-06 21:52:17.834   672   728 W IPCThreadState: Sending oneway calls to frozen process.
05-06 21:52:17.834   672   728 W IPCThreadState: Sending oneway calls to frozen process.
05-06 21:52:17.834   672   899 D BackgroundInstallControlService: Package event received: 0
05-06 21:52:17.834   672   899 D BackgroundInstallControlService: Package event received: 0
05-06 21:52:17.834   672   899 D BackgroundInstallControlService: Package event received: 0
05-06 21:52:17.834   672   899 D BackgroundInstallControlService: Package event received: 0
05-06 21:52:17.834   672   899 D BackgroundInstallControlService: Package event received: 0
05-06 21:52:17.835   672   899 D BackgroundInstallControlService: Package event received: 0
05-06 21:52:17.835   672   899 D BackgroundInstallControlService: Package event received: 0
05-06 21:52:17.835   672   899 D BackgroundInstallControlService: Package event received: 0
05-06 21:52:17.835   672   899 D BackgroundInstallControlService: Package event received: 0
05-06 21:52:17.835   672   899 D BackgroundInstallControlService: Package event received: 0
05-06 21:52:17.835   672   899 D BackgroundInstallControlService: Package event received: 0
05-06 21:52:17.835   672   899 D BackgroundInstallControlService: Package event received: 0
05-06 21:52:17.835   672   899 D BackgroundInstallControlService: Package event received: 0
05-06 21:52:17.995  3867  3871 I artkit.showcase: Background concurrent mark compact GC freed 9206KB AllocSpace bytes, 0(0B) LOS objects, 49% free, 4597KB/9195KB, paused 536us,5.500ms total 30.904ms
05-06 21:52:18.266  3867  3881 I artkit.showcase: Waiting for a blocking GC ProfileSaver
05-06 21:52:18.274  3867  3881 I artkit.showcase: WaitForGcToComplete blocked ProfileSaver on Background for 7.967ms
05-06 21:52:18.780  3867  3888 W unknown:ReactNative: StatusBarModule: Ignored status bar change, current activity is edge-to-edge.
05-06 21:52:18.783  3867  3867 E Surface : freeAllBuffers: 1 buffers were freed while being dequeued!
05-06 21:52:18.800  3867  3867 E EGL_emulation: eglQueryContext 32c0  EGL_BAD_ATTRIBUTE
05-06 21:52:18.801  3867  3867 E EGL_emulation: tid 3867: eglQueryContext(2159): error 0x3004 (EGL_BAD_ATTRIBUTE)
05-06 21:52:18.801  3867  3867 I SkiaTextureView: onSurfaceTextureAvailable:  975x603
05-06 21:52:18.806  3867  3867 E Surface : getSlotFromBufferLocked: unknown buffer: 0x3db8b8b93d70f0f2
05-06 21:52:18.823  3867  3867 E artkit.showcase: [SurfaceTexture-0-3867-21] updateAndRelease: EGLConsumer is not attached to an OpenGL ES context
05-06 21:52:18.824  3867  3867 I RNSkia  : updateAndRelease() failed. The exception above can safely be ignored
05-06 21:52:18.830  3867  3867 E EGL_emulation: eglQueryContext 32c0  EGL_BAD_ATTRIBUTE
05-06 21:52:18.830  3867  3867 E EGL_emulation: tid 3867: eglQueryContext(2159): error 0x3004 (EGL_BAD_ATTRIBUTE)
05-06 21:52:18.830  3867  3867 I SkiaTextureView: onSurfaceTextureAvailable:  975x603
05-06 21:52:18.846  3867  3867 E artkit.showcase: [SurfaceTexture-0-3867-22] updateAndRelease: EGLConsumer is not attached to an OpenGL ES context
05-06 21:52:18.846  3867  3867 I RNSkia  : updateAndRelease() failed. The exception above can safely be ignored
05-06 21:52:18.851  3867  3867 E EGL_emulation: eglQueryContext 32c0  EGL_BAD_ATTRIBUTE
05-06 21:52:18.851  3867  3867 E EGL_emulation: tid 3867: eglQueryContext(2159): error 0x3004 (EGL_BAD_ATTRIBUTE)
05-06 21:52:18.851  3867  3867 I SkiaTextureView: onSurfaceTextureAvailable:  975x625
05-06 21:52:18.863  3867  3867 E artkit.showcase: [SurfaceTexture-0-3867-23] updateAndRelease: EGLConsumer is not attached to an OpenGL ES context
05-06 21:52:18.863  3867  3867 I RNSkia  : updateAndRelease() failed. The exception above can safely be ignored
05-06 21:52:18.867  3867  3867 E EGL_emulation: eglQueryContext 32c0  EGL_BAD_ATTRIBUTE
05-06 21:52:18.867  3867  3867 E EGL_emulation: tid 3867: eglQueryContext(2159): error 0x3004 (EGL_BAD_ATTRIBUTE)
05-06 21:52:18.867  3867  3867 I SkiaTextureView: onSurfaceTextureAvailable:  975x625
05-06 21:52:18.877  3867  3867 E artkit.showcase: [SurfaceTexture-0-3867-24] updateAndRelease: EGLConsumer is not attached to an OpenGL ES context
05-06 21:52:18.877  3867  3867 I RNSkia  : updateAndRelease() failed. The exception above can safely be ignored
05-06 21:52:18.882  3867  3867 E EGL_emulation: eglQueryContext 32c0  EGL_BAD_ATTRIBUTE
05-06 21:52:18.882  3867  3867 E EGL_emulation: tid 3867: eglQueryContext(2159): error 0x3004 (EGL_BAD_ATTRIBUTE)
05-06 21:52:18.882  3867  3867 I SkiaTextureView: onSurfaceTextureAvailable:  975x624
05-06 21:52:18.896  3867  3867 E artkit.showcase: [SurfaceTexture-0-3867-25] updateAndRelease: EGLConsumer is not attached to an OpenGL ES context
05-06 21:52:18.896  3867  3867 I RNSkia  : updateAndRelease() failed. The exception above can safely be ignored
05-06 21:52:18.901  3867  3867 E EGL_emulation: eglQueryContext 32c0  EGL_BAD_ATTRIBUTE
05-06 21:52:18.901  3867  3867 E EGL_emulation: tid 3867: eglQueryContext(2159): error 0x3004 (EGL_BAD_ATTRIBUTE)
05-06 21:52:18.901  3867  3867 I SkiaTextureView: onSurfaceTextureAvailable:  975x625
05-06 21:52:18.911  3867  3867 E artkit.showcase: [SurfaceTexture-0-3867-26] updateAndRelease: EGLConsumer is not attached to an OpenGL ES context
05-06 21:52:18.911  3867  3867 I RNSkia  : updateAndRelease() failed. The exception above can safely be ignored
05-06 21:52:18.916  3867  3867 E EGL_emulation: eglQueryContext 32c0  EGL_BAD_ATTRIBUTE
05-06 21:52:18.916  3867  3867 E EGL_emulation: tid 3867: eglQueryContext(2159): error 0x3004 (EGL_BAD_ATTRIBUTE)
05-06 21:52:18.917  3867  3867 I SkiaTextureView: onSurfaceTextureAvailable:  975x604
05-06 21:52:18.931  3867  3867 E artkit.showcase: [SurfaceTexture-0-3867-27] updateAndRelease: EGLConsumer is not attached to an OpenGL ES context
05-06 21:52:18.932  3867  3867 I RNSkia  : updateAndRelease() failed. The exception above can safely be ignored
05-06 21:52:18.936  3867  3867 E EGL_emulation: eglQueryContext 32c0  EGL_BAD_ATTRIBUTE
05-06 21:52:18.936  3867  3867 E EGL_emulation: tid 3867: eglQueryContext(2159): error 0x3004 (EGL_BAD_ATTRIBUTE)
05-06 21:52:18.936  3867  3867 I SkiaTextureView: onSurfaceTextureAvailable:  975x604
05-06 21:52:18.947  3867  3867 E artkit.showcase: [SurfaceTexture-0-3867-28] updateAndRelease: EGLConsumer is not attached to an OpenGL ES context
05-06 21:52:18.947  3867  3867 I RNSkia  : updateAndRelease() failed. The exception above can safely be ignored
05-06 21:52:18.951  3867  3867 E EGL_emulation: eglQueryContext 32c0  EGL_BAD_ATTRIBUTE
05-06 21:52:18.951  3867  3867 E EGL_emulation: tid 3867: eglQueryContext(2159): error 0x3004 (EGL_BAD_ATTRIBUTE)
05-06 21:52:18.951  3867  3867 I SkiaTextureView: onSurfaceTextureAvailable:  2925x651
05-06 21:52:18.971  3867  3867 E artkit.showcase: [SurfaceTexture-0-3867-29] updateAndRelease: EGLConsumer is not attached to an OpenGL ES context
05-06 21:52:18.971  3867  3867 I RNSkia  : updateAndRelease() failed. The exception above can safely be ignored
05-06 21:52:18.976  3867  3867 E EGL_emulation: eglQueryContext 32c0  EGL_BAD_ATTRIBUTE
05-06 21:52:18.976  3867  3867 E EGL_emulation: tid 3867: eglQueryContext(2159): error 0x3004 (EGL_BAD_ATTRIBUTE)
05-06 21:52:18.977  3867  3867 I SkiaTextureView: onSurfaceTextureAvailable:  975x651
05-06 21:52:18.995  3867  3867 E artkit.showcase: [SurfaceTexture-0-3867-30] updateAndRelease: EGLConsumer is not attached to an OpenGL ES context
05-06 21:52:18.996  3867  3867 I RNSkia  : updateAndRelease() failed. The exception above can safely be ignored
05-06 21:52:19.000  3867  3867 E EGL_emulation: eglQueryContext 32c0  EGL_BAD_ATTRIBUTE
05-06 21:52:19.000  3867  3867 E EGL_emulation: tid 3867: eglQueryContext(2159): error 0x3004 (EGL_BAD_ATTRIBUTE)
05-06 21:52:19.000  3867  3867 I SkiaTextureView: onSurfaceTextureAvailable:  3315x687
05-06 21:52:19.017  3867  3867 E artkit.showcase: [SurfaceTexture-0-3867-31] updateAndRelease: EGLConsumer is not attached to an OpenGL ES context
05-06 21:52:19.017  3867  3867 I RNSkia  : updateAndRelease() failed. The exception above can safely be ignored
05-06 21:52:19.024  3867  3867 E EGL_emulation: eglQueryContext 32c0  EGL_BAD_ATTRIBUTE
05-06 21:52:19.024  3867  3867 E EGL_emulation: tid 3867: eglQueryContext(2159): error 0x3004 (EGL_BAD_ATTRIBUTE)
05-06 21:52:19.024  3867  3867 I SkiaTextureView: onSurfaceTextureAvailable:  975x687
05-06 21:52:19.034   672   846 D WifiClientModeImpl[7910:wlan0]: updateLinkLayerStatsRssiSpeedFrequencyCapabilities rssi=-50 TxLinkspeed=1 freq=2447 RxLinkSpeed=2
05-06 21:52:19.035   672   846 D WifiDataStall: tx tput in kbps: 11000
05-06 21:52:19.035   672   846 D WifiDataStall: rx tput in kbps: 11000
05-06 21:52:19.035   672   846 V WifiConfigManager: Updating scan detail cache freq=2447 BSSID=00:13:10:85:fe:01 RSSI=-50 for "AndroidWifi"NONE
05-06 21:52:19.035   672   846 D WifiThroughputPredictor:  utilization (LLS) 80 isBluetoothConnected: false final utilization: 80
05-06 21:52:19.035   672   846 D WifiThroughputPredictor:  BW: 0 RSSI: -50 Nss: 1 Mode: 1 symDur: 4000 snrDb 30 bitPerTone: 4500 rate: 54 throughput: 11
05-06 21:52:19.035   672   846 D WifiThroughputPredictor:  utilization (LLS) 80 isBluetoothConnected: false final utilization: 80
05-06 21:52:19.035   672   846 D WifiThroughputPredictor:  BW: 0 RSSI: -50 Nss: 1 Mode: 1 symDur: 4000 snrDb 30 bitPerTone: 4500 rate: 54 throughput: 11
05-06 21:52:19.035   672   846 D WifiThroughputPredictor:  utilization (LLS) 80 isBluetoothConnected: false final utilization: 80
05-06 21:52:19.035   672   846 D WifiThroughputPredictor:  BW: 0 RSSI: -50 Nss: 1 Mode: 1 symDur: 4000 snrDb 30 bitPerTone: 4500 rate: 54 throughput: 11
05-06 21:52:19.035   672   846 D WifiThroughputPredictor:  utilization (LLS) 80 isBluetoothConnected: false final utilization: 80
05-06 21:52:19.035   672   846 D WifiThroughputPredictor:  BW: 0 RSSI: -50 Nss: 1 Mode: 1 symDur: 4000 snrDb 30 bitPerTone: 4500 rate: 54 throughput: 11
05-06 21:52:19.036   672   846 D WifiScoreCard: BSSID update SIGNAL_POLL ID: 786848858 SSID: "AndroidWifi", BSSID: 00:13:10:85:fe:01, MAC: 02:15:b2:00:00:00, IP: /10.0.2.16, Security type: 0, Supplicant state: COMPLETED, Wi-Fi standard: legacy, RSSI: -50, Link speed: 1Mbps, Tx Link speed: 1Mbps, Max Supported Tx Link speed: 11Mbps, Rx Link speed: 2Mbps, Max Supported Rx Link speed: 11Mbps, Frequency: 2447MHz, Net ID: 0, Metered hint: false, score: 60, isUsable: true, CarrierMerged: false, SubscriptionId: -1, IsPrimary: 1, Trusted: true, Restricted: false, Ephemeral: false, OEM paid: false, OEM private: false, OSU AP: false, FQDN: <none>, Provider friendly name: <none>, Requesting package name: <none>"AndroidWifi"openMLO Information: , Is TID-To-Link negotiation supported by the AP: false, AP MLD Address: <none>, AP MLO Link Id: <none>, AP MLO Affiliated links: <none>, Vendor Data: <none>
05-06 21:52:19.036   672   846 D WifiScoreCard: txRate: 1 txSpeed: 1
05-06 21:52:19.036   672   846 D WifiScoreCard: network update SIGNAL_POLL "AndroidWifi" ID: 1628418683 RSSI -50 txSpeed -1
05-06 21:52:19.036   672   846 D WifiClientModeImpl[7910:wlan0]:  ClientModeImpl$L2ConnectedState screen=on 1 0 "AndroidWifi" 00:13:10:85:fe:01 rssi=-50 f=2447 sc=60 link=1 tx=0.0, 0.0, 0.0 rx=0.0 bcn=0 [on:0 tx:0 rx:0 period:3005] from screen [on:0 period:2278492] score=60
05-06 21:52:19.038  3867  3867 E artkit.showcase: [SurfaceTexture-0-3867-32] updateAndRelease: EGLConsumer is not attached to an OpenGL ES context
05-06 21:52:19.039  3867  3867 I RNSkia  : updateAndRelease() failed. The exception above can safely be ignored
05-06 21:52:19.043  3867  3867 E EGL_emulation: eglQueryContext 32c0  EGL_BAD_ATTRIBUTE
05-06 21:52:19.043  3867  3867 E EGL_emulation: tid 3867: eglQueryContext(2159): error 0x3004 (EGL_BAD_ATTRIBUTE)
05-06 21:52:19.043  3867  3867 I SkiaTextureView: onSurfaceTextureAvailable:  975x651
05-06 21:52:19.052  3867  3867 E artkit.showcase: [SurfaceTexture-0-3867-33] updateAndRelease: EGLConsumer is not attached to an OpenGL ES context
05-06 21:52:19.052  3867  3867 I RNSkia  : updateAndRelease() failed. The exception above can safely be ignored
05-06 21:52:19.059  3867  3867 E EGL_emulation: eglQueryContext 32c0  EGL_BAD_ATTRIBUTE
05-06 21:52:19.059  3867  3867 E EGL_emulation: tid 3867: eglQueryContext(2159): error 0x3004 (EGL_BAD_ATTRIBUTE)
05-06 21:52:19.059  3867  3867 I SkiaTextureView: onSurfaceTextureAvailable:  975x619
05-06 21:52:19.069  3867  3867 E artkit.showcase: [SurfaceTexture-0-3867-34] updateAndRelease: EGLConsumer is not attached to an OpenGL ES context
05-06 21:52:19.069  3867  3867 I RNSkia  : updateAndRelease() failed. The exception above can safely be ignored
05-06 21:52:19.072  3867  3867 E EGL_emulation: eglQueryContext 32c0  EGL_BAD_ATTRIBUTE
05-06 21:52:19.072  3867  3867 E EGL_emulation: tid 3867: eglQueryContext(2159): error 0x3004 (EGL_BAD_ATTRIBUTE)
05-06 21:52:19.072  3867  3867 I SkiaTextureView: onSurfaceTextureAvailable:  975x173
05-06 21:52:19.081  3867  3867 E artkit.showcase: [SurfaceTexture-0-3867-35] updateAndRelease: EGLConsumer is not attached to an OpenGL ES context
05-06 21:52:19.082  3867  3867 I RNSkia  : updateAndRelease() failed. The exception above can safely be ignored
05-06 21:52:19.086  3867  3867 E EGL_emulation: eglQueryContext 32c0  EGL_BAD_ATTRIBUTE
05-06 21:52:19.086  3867  3867 E EGL_emulation: tid 3867: eglQueryContext(2159): error 0x3004 (EGL_BAD_ATTRIBUTE)
05-06 21:52:19.086  3867  3867 I SkiaTextureView: onSurfaceTextureAvailable:  975x651
05-06 21:52:19.098  3867  3867 E artkit.showcase: [SurfaceTexture-0-3867-36] updateAndRelease: EGLConsumer is not attached to an OpenGL ES context
05-06 21:52:19.098  3867  3867 I RNSkia  : updateAndRelease() failed. The exception above can safely be ignored
05-06 21:52:19.134  3867  3867 E artkit.showcase: [SurfaceTexture-0-3867-21] updateAndRelease: EGLConsumer is not attached to an OpenGL ES context
05-06 21:52:19.134  3867  3867 I RNSkia  : updateAndRelease() failed. The exception above can safely be ignored
05-06 21:52:19.158  3867  3867 E artkit.showcase: [SurfaceTexture-0-3867-22] updateAndRelease: EGLConsumer is not attached to an OpenGL ES context
05-06 21:52:19.158  3867  3867 I RNSkia  : updateAndRelease() failed. The exception above can safely be ignored
05-06 21:52:19.171  3867  3867 E artkit.showcase: [SurfaceTexture-0-3867-23] updateAndRelease: EGLConsumer is not attached to an OpenGL ES context
05-06 21:52:19.171  3867  3867 I RNSkia  : updateAndRelease() failed. The exception above can safely be ignored
05-06 21:52:19.182  3867  3867 E artkit.showcase: [SurfaceTexture-0-3867-24] updateAndRelease: EGLConsumer is not attached to an OpenGL ES context
05-06 21:52:19.182  3867  3867 I RNSkia  : updateAndRelease() failed. The exception above can safely be ignored
05-06 21:52:19.197  3867  3867 E artkit.showcase: [SurfaceTexture-0-3867-25] updateAndRelease: EGLConsumer is not attached to an OpenGL ES context
05-06 21:52:19.197  3867  3867 I RNSkia  : updateAndRelease() failed. The exception above can safely be ignored
05-06 21:52:19.218  3867  3867 E artkit.showcase: [SurfaceTexture-0-3867-26] updateAndRelease: EGLConsumer is not attached to an OpenGL ES context
05-06 21:52:19.218  3867  3867 I RNSkia  : updateAndRelease() failed. The exception above can safely be ignored
05-06 21:52:19.231  1056  1247 D SatelliteController: iisInCarrierRoamingNbIotNtn: satellite is disabled
05-06 21:52:19.240  3867  3867 E artkit.showcase: [SurfaceTexture-0-3867-27] updateAndRelease: EGLConsumer is not attached to an OpenGL ES context
05-06 21:52:19.240  3867  3867 I RNSkia  : updateAndRelease() failed. The exception above can safely be ignored
05-06 21:52:19.252  3867  3867 E artkit.showcase: [SurfaceTexture-0-3867-28] updateAndRelease: EGLConsumer is not attached to an OpenGL ES context
05-06 21:52:19.252  3867  3867 I RNSkia  : updateAndRelease() failed. The exception above can safely be ignored
05-06 21:52:19.273  3867  3867 E artkit.showcase: [SurfaceTexture-0-3867-29] updateAndRelease: EGLConsumer is not attached to an OpenGL ES context
05-06 21:52:19.273  3867  3867 I RNSkia  : updateAndRelease() failed. The exception above can safely be ignored
05-06 21:52:19.293  3867  3867 E artkit.showcase: [SurfaceTexture-0-3867-30] updateAndRelease: EGLConsumer is not attached to an OpenGL ES context
05-06 21:52:19.294  3867  3867 I RNSkia  : updateAndRelease() failed. The exception above can safely be ignored
05-06 21:52:19.311  3867  3867 E artkit.showcase: [SurfaceTexture-0-3867-31] updateAndRelease: EGLConsumer is not attached to an OpenGL ES context
05-06 21:52:19.311  3867  3867 I RNSkia  : updateAndRelease() failed. The exception above can safely be ignored
05-06 21:52:19.331  3867  3867 E artkit.showcase: [SurfaceTexture-0-3867-32] updateAndRelease: EGLConsumer is not attached to an OpenGL ES context
05-06 21:52:19.332  3867  3867 I RNSkia  : updateAndRelease() failed. The exception above can safely be ignored
05-06 21:52:19.345  3867  3867 E artkit.showcase: [SurfaceTexture-0-3867-33] updateAndRelease: EGLConsumer is not attached to an OpenGL ES context
05-06 21:52:19.345  3867  3867 I RNSkia  : updateAndRelease() failed. The exception above can safely be ignored
05-06 21:52:19.361  3867  3867 E artkit.showcase: [SurfaceTexture-0-3867-34] updateAndRelease: EGLConsumer is not attached to an OpenGL ES context
05-06 21:52:19.361  3867  3867 I RNSkia  : updateAndRelease() failed. The exception above can safely be ignored
05-06 21:52:19.370  3867  3867 E artkit.showcase: [SurfaceTexture-0-3867-35] updateAndRelease: EGLConsumer is not attached to an OpenGL ES context
05-06 21:52:19.371  3867  3867 I RNSkia  : updateAndRelease() failed. The exception above can safely be ignored
05-06 21:52:19.380  3867  3867 E artkit.showcase: [SurfaceTexture-0-3867-36] updateAndRelease: EGLConsumer is not attached to an OpenGL ES context
05-06 21:52:19.380  3867  3867 I RNSkia  : updateAndRelease() failed. The exception above can safely be ignored
05-06 21:52:19.384  3867  3867 I Choreographer: Skipped 35 frames!  The application may be doing too much work on its main thread.
05-06 21:52:19.465  3867  3867 E artkit.showcase: [SurfaceTexture-0-3867-27] updateAndRelease: EGLConsumer is not attached to an OpenGL ES context
05-06 21:52:19.468  3867  3867 I RNSkia  : updateAndRelease() failed. The exception above can safely be ignored
05-06 21:52:19.489  3867  3867 E artkit.showcase: [SurfaceTexture-0-3867-29] updateAndRelease: EGLConsumer is not attached to an OpenGL ES context
05-06 21:52:19.490  3867  3867 I RNSkia  : updateAndRelease() failed. The exception above can safely be ignored
05-06 21:52:19.511  3867  3867 E artkit.showcase: [SurfaceTexture-0-3867-30] updateAndRelease: EGLConsumer is not attached to an OpenGL ES context
05-06 21:52:19.511  3867  3867 I RNSkia  : updateAndRelease() failed. The exception above can safely be ignored
05-06 21:52:19.552  3867  3867 E artkit.showcase: [SurfaceTexture-0-3867-31] updateAndRelease: EGLConsumer is not attached to an OpenGL ES context
05-06 21:52:19.553  3867  3867 I RNSkia  : updateAndRelease() failed. The exception above can safely be ignored
05-06 21:52:19.579  3867  3867 E artkit.showcase: [SurfaceTexture-0-3867-32] updateAndRelease: EGLConsumer is not attached to an OpenGL ES context
05-06 21:52:19.579  3867  3867 I RNSkia  : updateAndRelease() failed. The exception above can safely be ignored
05-06 21:52:19.591  3867  3867 E artkit.showcase: [SurfaceTexture-0-3867-36] updateAndRelease: EGLConsumer is not attached to an OpenGL ES context
05-06 21:52:19.591  3867  3867 I RNSkia  : updateAndRelease() failed. The exception above can safely be ignored
05-06 21:52:19.596  3867  3867 E artkit.showcase: [SurfaceTexture-0-3867-36] updateAndRelease: EGLConsumer is not attached to an OpenGL ES context
05-06 21:52:19.596  3867  3867 I RNSkia  : updateAndRelease() failed. The exception above can safely be ignored
05-06 21:52:19.600  3867  3867 E artkit.showcase: [SurfaceTexture-0-3867-36] updateAndRelease: EGLConsumer is not attached to an OpenGL ES context
05-06 21:52:19.601  3867  3867 I RNSkia  : updateAndRelease() failed. The exception above can safely be ignored
05-06 21:52:19.669  3867  3867 E artkit.showcase: [SurfaceTexture-0-3867-36] updateAndRelease: EGLConsumer is not attached to an OpenGL ES context
05-06 21:52:19.669  3867  3867 I RNSkia  : updateAndRelease() failed. The exception above can safely be ignored
05-06 21:52:19.674  3867  3867 E artkit.showcase: [SurfaceTexture-0-3867-36] updateAndRelease: EGLConsumer is not attached to an OpenGL ES context
05-06 21:52:19.674  3867  3867 I RNSkia  : updateAndRelease() failed. The exception above can safely be ignored
05-06 21:52:19.703  3867  3867 E artkit.showcase: [SurfaceTexture-0-3867-36] updateAndRelease: EGLConsumer is not attached to an OpenGL ES context
05-06 21:52:19.703  3867  3867 I RNSkia  : updateAndRelease() failed. The exception above can safely be ignored
05-06 21:52:19.726  3867  3867 E artkit.showcase: [SurfaceTexture-0-3867-36] updateAndRelease: EGLConsumer is not attached to an OpenGL ES context
05-06 21:52:19.726  3867  3867 I RNSkia  : updateAndRelease() failed. The exception above can safely be ignored
05-06 21:52:19.733  3867  3867 E artkit.showcase: [SurfaceTexture-0-3867-36] updateAndRelease: EGLConsumer is not attached to an OpenGL ES context
05-06 21:52:19.734  3867  3867 I RNSkia  : updateAndRelease() failed. The exception above can safely be ignored
05-06 21:52:19.769  3867  3867 E artkit.showcase: [SurfaceTexture-0-3867-36] updateAndRelease: EGLConsumer is not attached to an OpenGL ES context
05-06 21:52:19.769  3867  3867 I RNSkia  : updateAndRelease() failed. The exception above can safely be ignored
05-06 21:52:19.781  3867  3867 E artkit.showcase: [SurfaceTexture-0-3867-36] updateAndRelease: EGLConsumer is not attached to an OpenGL ES context
05-06 21:52:19.782  3867  3867 I RNSkia  : updateAndRelease() failed. The exception above can safely be ignored
05-06 21:52:19.787  3867  3867 E artkit.showcase: [SurfaceTexture-0-3867-36] updateAndRelease: EGLConsumer is not attached to an OpenGL ES context
05-06 21:52:19.787  3867  3867 I RNSkia  : updateAndRelease() failed. The exception above can safely be ignored
05-06 21:52:19.794  3867  3867 E artkit.showcase: [SurfaceTexture-0-3867-36] updateAndRelease: EGLConsumer is not attached to an OpenGL ES context
05-06 21:52:19.794  3867  3867 I RNSkia  : updateAndRelease() failed. The exception above can safely be ignored
05-06 21:52:19.799  3867  3867 E artkit.showcase: [SurfaceTexture-0-3867-36] updateAndRelease: EGLConsumer is not attached to an OpenGL ES context
05-06 21:52:19.799  3867  3867 I RNSkia  : updateAndRelease() failed. The exception above can safely be ignored
05-06 21:52:19.839  3867  3867 E artkit.showcase: [SurfaceTexture-0-3867-36] updateAndRelease: EGLConsumer is not attached to an OpenGL ES context
05-06 21:52:19.840  3867  3867 I RNSkia  : updateAndRelease() failed. The exception above can safely be ignored
05-06 21:52:19.845  3867  3867 E artkit.showcase: [SurfaceTexture-0-3867-36] updateAndRelease: EGLConsumer is not attached to an OpenGL ES context
05-06 21:52:19.846  3867  3867 I RNSkia  : updateAndRelease() failed. The exception above can safely be ignored
05-06 21:52:19.889  3867  3867 E artkit.showcase: [SurfaceTexture-0-3867-36] updateAndRelease: EGLConsumer is not attached to an OpenGL ES context
05-06 21:52:19.889  3867  3867 I RNSkia  : updateAndRelease() failed. The exception above can safely be ignored
05-06 21:52:19.897  3867  3867 E artkit.showcase: [SurfaceTexture-0-3867-36] updateAndRelease: EGLConsumer is not attached to an OpenGL ES context
05-06 21:52:19.898  3867  3867 I RNSkia  : updateAndRelease() failed. The exception above can safely be ignored
05-06 21:52:19.906  3867  3867 E artkit.showcase: [SurfaceTexture-0-3867-36] updateAndRelease: EGLConsumer is not attached to an OpenGL ES context
05-06 21:52:19.907  3867  3867 I RNSkia  : updateAndRelease() failed. The exception above can safely be ignored
05-06 21:52:19.913  3867  3867 E artkit.showcase: [SurfaceTexture-0-3867-36] updateAndRelease: EGLConsumer is not attached to an OpenGL ES context
05-06 21:52:19.913  3867  3867 I RNSkia  : updateAndRelease() failed. The exception above can safely be ignored
05-06 21:52:19.916  3867  3867 E artkit.showcase: [SurfaceTexture-0-3867-36] updateAndRelease: EGLConsumer is not attached to an OpenGL ES context
05-06 21:52:19.916  3867  3867 I RNSkia  : updateAndRelease() failed. The exception above can safely be ignored
05-06 21:52:19.967  3867  3867 E artkit.showcase: [SurfaceTexture-0-3867-36] updateAndRelease: EGLConsumer is not attached to an OpenGL ES context
05-06 21:52:19.967  3867  3867 I RNSkia  : updateAndRelease() failed. The exception above can safely be ignored
05-06 21:52:19.971  3867  3867 E artkit.showcase: [SurfaceTexture-0-3867-36] updateAndRelease: EGLConsumer is not attached to an OpenGL ES context
05-06 21:52:19.972  3867  3867 I RNSkia  : updateAndRelease() failed. The exception above can safely be ignored
05-06 21:52:19.976  3867  3867 E artkit.showcase: [SurfaceTexture-0-3867-36] updateAndRelease: EGLConsumer is not attached to an OpenGL ES context
05-06 21:52:19.977  3867  3867 I RNSkia  : updateAndRelease() failed. The exception above can safely be ignored
05-06 21:52:19.981  3867  3867 E artkit.showcase: [SurfaceTexture-0-3867-36] updateAndRelease: EGLConsumer is not attached to an OpenGL ES context
05-06 21:52:19.981  3867  3867 I RNSkia  : updateAndRelease() failed. The exception above can safely be ignored
05-06 21:52:20.034  3867  3867 E artkit.showcase: [SurfaceTexture-0-3867-36] updateAndRelease: EGLConsumer is not attached to an OpenGL ES context
05-06 21:52:20.034  3867  3867 I RNSkia  : updateAndRelease() failed. The exception above can safely be ignored
05-06 21:52:20.038  3867  3867 E artkit.showcase: [SurfaceTexture-0-3867-36] updateAndRelease: EGLConsumer is not attached to an OpenGL ES context
05-06 21:52:20.038  3867  3867 I RNSkia  : updateAndRelease() failed. The exception above can safely be ignored
05-06 21:52:20.042  3867  3867 E artkit.showcase: [SurfaceTexture-0-3867-36] updateAndRelease: EGLConsumer is not attached to an OpenGL ES context
05-06 21:52:20.042  3867  3867 I RNSkia  : updateAndRelease() failed. The exception above can safely be ignored
05-06 21:52:20.101  3867  3867 E artkit.showcase: [SurfaceTexture-0-3867-36] updateAndRelease: EGLConsumer is not attached to an OpenGL ES context
05-06 21:52:20.101  3867  3867 I RNSkia  : updateAndRelease() failed. The exception above can safely be ignored
05-06 21:52:20.145  3867  3867 E artkit.showcase: [SurfaceTexture-0-3867-36] updateAndRelease: EGLConsumer is not attached to an OpenGL ES context
05-06 21:52:20.146  3867  3867 I RNSkia  : updateAndRelease() failed. The exception above can safely be ignored
05-06 21:52:20.180  3867  3867 E artkit.showcase: [SurfaceTexture-0-3867-36] updateAndRelease: EGLConsumer is not attached to an OpenGL ES context
05-06 21:52:20.181  3867  3867 I RNSkia  : updateAndRelease() failed. The exception above can safely be ignored
05-06 21:52:20.184  3867  3867 E artkit.showcase: [SurfaceTexture-0-3867-36] updateAndRelease: EGLConsumer is not attached to an OpenGL ES context
05-06 21:52:20.184  3867  3867 I RNSkia  : updateAndRelease() failed. The exception above can safely be ignored
05-06 21:52:20.209  3867  3867 E artkit.showcase: [SurfaceTexture-0-3867-36] updateAndRelease: EGLConsumer is not attached to an OpenGL ES context
05-06 21:52:20.209  3867  3867 I RNSkia  : updateAndRelease() failed. The exception above can safely be ignored
05-06 21:52:20.237  3867  3867 E artkit.showcase: [SurfaceTexture-0-3867-36] updateAndRelease: EGLConsumer is not attached to an OpenGL ES context
05-06 21:52:20.237  3867  3867 I RNSkia  : updateAndRelease() failed. The exception above can safely be ignored
05-06 21:52:20.245  3867  3867 E artkit.showcase: [SurfaceTexture-0-3867-36] updateAndRelease: EGLConsumer is not attached to an OpenGL ES context
05-06 21:52:20.245  3867  3867 I RNSkia  : updateAndRelease() failed. The exception above can safely be ignored
05-06 21:52:20.254  3867  3867 E artkit.showcase: [SurfaceTexture-0-3867-36] updateAndRelease: EGLConsumer is not attached to an OpenGL ES context
05-06 21:52:20.254  3867  3867 I RNSkia  : updateAndRelease() failed. The exception above can safely be ignored
05-06 21:52:20.258  3867  3867 E artkit.showcase: [SurfaceTexture-0-3867-36] updateAndRelease: EGLConsumer is not attached to an OpenGL ES context
05-06 21:52:20.258  3867  3867 I RNSkia  : updateAndRelease() failed. The exception above can safely be ignored
05-06 21:52:20.263  3867  3867 E artkit.showcase: [SurfaceTexture-0-3867-36] updateAndRelease: EGLConsumer is not attached to an OpenGL ES context
05-06 21:52:20.263  3867  3867 I RNSkia  : updateAndRelease() failed. The exception above can safely be ignored
05-06 21:52:20.315  3867  3867 E artkit.showcase: [SurfaceTexture-0-3867-36] updateAndRelease: EGLConsumer is not attached to an OpenGL ES context
05-06 21:52:20.316  3867  3867 I RNSkia  : updateAndRelease() failed. The exception above can safely be ignored
05-06 21:52:20.381  3867  3867 E artkit.showcase: [SurfaceTexture-0-3867-36] updateAndRelease: EGLConsumer is not attached to an OpenGL ES context
05-06 21:52:20.382  3867  3867 I RNSkia  : updateAndRelease() failed. The exception above can safely be ignored
05-06 21:52:20.385  3867  3867 E artkit.showcase: [SurfaceTexture-0-3867-36] updateAndRelease: EGLConsumer is not attached to an OpenGL ES context
05-06 21:52:20.385  3867  3867 I RNSkia  : updateAndRelease() failed. The exception above can safely be ignored
05-06 21:52:20.393  3867  3867 E artkit.showcase: [SurfaceTexture-0-3867-36] updateAndRelease: EGLConsumer is not attached to an OpenGL ES context
05-06 21:52:20.395  3867  3867 I RNSkia  : updateAndRelease() failed. The exception above can safely be ignored
05-06 21:52:20.406  3867  3867 E artkit.showcase: [SurfaceTexture-0-3867-36] updateAndRelease: EGLConsumer is not attached to an OpenGL ES context
05-06 21:52:20.406  3867  3867 I RNSkia  : updateAndRelease() failed. The exception above can safely be ignored
05-06 21:52:20.411  3867  3867 E artkit.showcase: [SurfaceTexture-0-3867-36] updateAndRelease: EGLConsumer is not attached to an OpenGL ES context
05-06 21:52:20.411  3867  3867 I RNSkia  : updateAndRelease() failed. The exception above can safely be ignored
05-06 21:52:20.469  3867  3867 E artkit.showcase: [SurfaceTexture-0-3867-36] updateAndRelease: EGLConsumer is not attached to an OpenGL ES context
05-06 21:52:20.469  3867  3867 I RNSkia  : updateAndRelease() failed. The exception above can safely be ignored
05-06 21:52:20.497  3867  3867 E artkit.showcase: [SurfaceTexture-0-3867-36] updateAndRelease: EGLConsumer is not attached to an OpenGL ES context
05-06 21:52:20.497  3867  3867 I RNSkia  : updateAndRelease() failed. The exception above can safely be ignored
05-06 21:52:20.504  3867  3867 E artkit.showcase: [SurfaceTexture-0-3867-36] updateAndRelease: EGLConsumer is not attached to an OpenGL ES context
05-06 21:52:20.504  3867  3867 I RNSkia  : updateAndRelease() failed. The exception above can safely be ignored
05-06 21:52:20.507  3867  3867 E artkit.showcase: [SurfaceTexture-0-3867-36] updateAndRelease: EGLConsumer is not attached to an OpenGL ES context
05-06 21:52:20.507  3867  3867 I RNSkia  : updateAndRelease() failed. The exception above can safely be ignored
05-06 21:52:20.513  3867  3867 E artkit.showcase: [SurfaceTexture-0-3867-36] updateAndRelease: EGLConsumer is not attached to an OpenGL ES context
05-06 21:52:20.513  3867  3867 I RNSkia  : updateAndRelease() failed. The exception above can safely be ignored
05-06 21:52:20.537  3867  3867 E artkit.showcase: [SurfaceTexture-0-3867-36] updateAndRelease: EGLConsumer is not attached to an OpenGL ES context
05-06 21:52:20.537  3867  3867 I RNSkia  : updateAndRelease() failed. The exception above can safely be ignored
05-06 21:52:20.567   930   930 D wpa_supplicant: nl80211: Drv Event 64 (NL80211_CMD_NOTIFY_CQM) received for wlan0
05-06 21:52:20.567   930   930 D wpa_supplicant: nl80211: Beacon loss event
05-06 21:52:20.567   930   930 D wpa_supplicant: wlan0: Event BEACON_LOSS (53) received
05-06 21:52:20.567   930   930 I wpa_supplicant: wlan0: CTRL-EVENT-BEACON-LOSS 
05-06 21:52:20.578  3867  3867 E artkit.showcase: [SurfaceTexture-0-3867-36] updateAndRelease: EGLConsumer is not attached to an OpenGL ES context
05-06 21:52:20.578  3867  3867 I RNSkia  : updateAndRelease() failed. The exception above can safely be ignored
05-06 21:52:20.583  3867  3867 E artkit.showcase: [SurfaceTexture-0-3867-36] updateAndRelease: EGLConsumer is not attached to an OpenGL ES context
05-06 21:52:20.583  3867  3867 I RNSkia  : updateAndRelease() failed. The exception above can safely be ignored
05-06 21:52:20.592  3867  3867 E artkit.showcase: [SurfaceTexture-0-3867-36] updateAndRelease: EGLConsumer is not attached to an OpenGL ES context
05-06 21:52:20.593  3867  3867 I RNSkia  : updateAndRelease() failed. The exception above can safely be ignored
05-06 21:52:20.618  3867  3867 E artkit.showcase: [SurfaceTexture-0-3867-36] updateAndRelease: EGLConsumer is not attached to an OpenGL ES context
05-06 21:52:20.618  3867  3867 I RNSkia  : updateAndRelease() failed. The exception above can safely be ignored
05-06 21:52:20.657  3867  3867 E artkit.showcase: [SurfaceTexture-0-3867-36] updateAndRelease: EGLConsumer is not attached to an OpenGL ES context
05-06 21:52:20.658  3867  3867 I RNSkia  : updateAndRelease() failed. The exception above can safely be ignored
05-06 21:52:20.666  3867  3867 E artkit.showcase: [SurfaceTexture-0-3867-36] updateAndRelease: EGLConsumer is not attached to an OpenGL ES context
05-06 21:52:20.667  3867  3867 I RNSkia  : updateAndRelease() failed. The exception above can safely be ignored
05-06 21:52:20.672  3867  3867 E artkit.showcase: [SurfaceTexture-0-3867-36] updateAndRelease: EGLConsumer is not attached to an OpenGL ES context
05-06 21:52:20.672  3867  3867 I RNSkia  : updateAndRelease() failed. The exception above can safely be ignored
05-06 21:52:20.676  3867  3867 E artkit.showcase: [SurfaceTexture-0-3867-36] updateAndRelease: EGLConsumer is not attached to an OpenGL ES context
05-06 21:52:20.677  3867  3867 I RNSkia  : updateAndRelease() failed. The exception above can safely be ignored
05-06 21:52:20.687  3867  3867 E artkit.showcase: [SurfaceTexture-0-3867-36] updateAndRelease: EGLConsumer is not attached to an OpenGL ES context
05-06 21:52:20.687  3867  3867 I RNSkia  : updateAndRelease() failed. The exception above can safely be ignored
05-06 21:52:20.730  3867  3867 E artkit.showcase: [SurfaceTexture-0-3867-36] updateAndRelease: EGLConsumer is not attached to an OpenGL ES context
05-06 21:52:20.730  3867  3867 I RNSkia  : updateAndRelease() failed. The exception above can safely be ignored
05-06 21:52:20.734  3867  3867 E artkit.showcase: [SurfaceTexture-0-3867-36] updateAndRelease: EGLConsumer is not attached to an OpenGL ES context
05-06 21:52:20.734  3867  3867 I RNSkia  : updateAndRelease() failed. The exception above can safely be ignored
05-06 21:52:20.740  3867  3867 E artkit.showcase: [SurfaceTexture-0-3867-36] updateAndRelease: EGLConsumer is not attached to an OpenGL ES context
05-06 21:52:20.741  3867  3867 I RNSkia  : updateAndRelease() failed. The exception above can safely be ignored
05-06 21:52:20.771  3867  3867 E artkit.showcase: [SurfaceTexture-0-3867-36] updateAndRelease: EGLConsumer is not attached to an OpenGL ES context
05-06 21:52:20.772  3867  3867 I RNSkia  : updateAndRelease() failed. The exception above can safely be ignored
05-06 21:52:20.806  3867  3867 E artkit.showcase: [SurfaceTexture-0-3867-36] updateAndRelease: EGLConsumer is not attached to an OpenGL ES context
05-06 21:52:20.806  3867  3867 I RNSkia  : updateAndRelease() failed. The exception above can safely be ignored
05-06 21:52:20.810  3867  3867 E artkit.showcase: [SurfaceTexture-0-3867-36] updateAndRelease: EGLConsumer is not attached to an OpenGL ES context
05-06 21:52:20.810  3867  3867 I RNSkia  : updateAndRelease() failed. The exception above can safely be ignored
05-06 21:52:20.826  3867  3867 E artkit.showcase: [SurfaceTexture-0-3867-36] updateAndRelease: EGLConsumer is not attached to an OpenGL ES context
05-06 21:52:20.826  3867  3867 I RNSkia  : updateAndRelease() failed. The exception above can safely be ignored
05-06 21:52:20.834  3867  3867 E artkit.showcase: [SurfaceTexture-0-3867-36] updateAndRelease: EGLConsumer is not attached to an OpenGL ES context
05-06 21:52:20.834  3867  3867 I RNSkia  : updateAndRelease() failed. The exception above can safely be ignored
05-06 21:52:20.840  3867  3867 E artkit.showcase: [SurfaceTexture-0-3867-36] updateAndRelease: EGLConsumer is not attached to an OpenGL ES context
05-06 21:52:20.840  3867  3867 I RNSkia  : updateAndRelease() failed. The exception above can safely be ignored
05-06 21:52:20.875  3867  3867 E artkit.showcase: [SurfaceTexture-0-3867-36] updateAndRelease: EGLConsumer is not attached to an OpenGL ES context
05-06 21:52:20.875  3867  3867 I RNSkia  : updateAndRelease() failed. The exception above can safely be ignored
05-06 21:52:20.904  3867  3867 E artkit.showcase: [SurfaceTexture-0-3867-36] updateAndRelease: EGLConsumer is not attached to an OpenGL ES context
05-06 21:52:20.905  3867  3867 I RNSkia  : updateAndRelease() failed. The exception above can safely be ignored
05-06 21:52:20.932  3867  3867 E artkit.showcase: [SurfaceTexture-0-3867-36] updateAndRelease: EGLConsumer is not attached to an OpenGL ES context
05-06 21:52:20.932  3867  3867 I RNSkia  : updateAndRelease() failed. The exception above can safely be ignored
05-06 21:52:20.956  3867  3867 E artkit.showcase: [SurfaceTexture-0-3867-36] updateAndRelease: EGLConsumer is not attached to an OpenGL ES context
05-06 21:52:20.957  3867  3867 I RNSkia  : updateAndRelease() failed. The exception above can safely be ignored
05-06 21:52:21.003  3867  3867 E artkit.showcase: [SurfaceTexture-0-3867-36] updateAndRelease: EGLConsumer is not attached to an OpenGL ES context
05-06 21:52:21.003  3867  3867 I RNSkia  : updateAndRelease() failed. The exception above can safely be ignored
05-06 21:52:21.011  3867  3867 E artkit.showcase: [SurfaceTexture-0-3867-36] updateAndRelease: EGLConsumer is not attached to an OpenGL ES context
05-06 21:52:21.011  3867  3867 I RNSkia  : updateAndRelease() failed. The exception above can safely be ignored
05-06 21:52:21.038  3867  3867 E artkit.showcase: [SurfaceTexture-0-3867-36] updateAndRelease: EGLConsumer is not attached to an OpenGL ES context
05-06 21:52:21.038  3867  3867 I RNSkia  : updateAndRelease() failed. The exception above can safely be ignored
05-06 21:52:21.044  3867  3867 E artkit.showcase: [SurfaceTexture-0-3867-36] updateAndRelease: EGLConsumer is not attached to an OpenGL ES context
05-06 21:52:21.045  3867  3867 I RNSkia  : updateAndRelease() failed. The exception above can safely be ignored
05-06 21:52:21.053  3867  3867 E artkit.showcase: [SurfaceTexture-0-3867-36] updateAndRelease: EGLConsumer is not attached to an OpenGL ES context
05-06 21:52:21.053  3867  3867 I RNSkia  : updateAndRelease() failed. The exception above can safely be ignored
05-06 21:52:21.083  3977  3977 W screencap: Thread Pool max thread count is 0. Cannot cache binder as linkToDeath cannot be implemented. serviceName: SurfaceFlingerAIDL
05-06 21:52:21.083  3977  3977 W BpBinder: Linking to death on android.gui.ISurfaceComposer but there are no threads (yet?) listening to incoming transactions. See ProcessState::startThreadPool and ProcessState::setThreadPoolMaxThreadCount. Generally you should setup the binder threadpool before other initialization steps.
05-06 21:52:21.088  3977  3977 W ProcessState: Extra binder thread started, but 0 threads requested. Do not use *startThreadPool when zero threads are requested.
05-06 21:52:21.093   519   568 E HwcComposer: getLuts failed Status(-8, EX_SERVICE_SPECIFIC): '8: '
05-06 21:52:21.093   519   568 E HWComposer: getLuts: getLuts failed for display 4619827259835644672: UNSUPPORTED (8)
--------- beginning of kernel
05-06 21:52:21.109   225   225 I servicemanager: Caller(pid=3977,uid=2000,sid=u:r:shell:s0) Found android.hardware.graphics.allocator.IAllocator/default in device VINTF manifest.
05-06 21:52:21.109   225   225 I servicemanager: Caller(pid=3977,uid=2000,sid=u:r:shell:s0) Found android.hardware.graphics.allocator.IAllocator/default in device VINTF manifest.
05-06 21:52:21.110   225   225 I servicemanager: Caller(pid=3977,uid=2000,sid=u:r:shell:s0) Found mapper/ranchu in device VINTF manifest.
05-06 21:52:21.133  3867  3867 E artkit.showcase: [SurfaceTexture-0-3867-36] updateAndRelease: EGLConsumer is not attached to an OpenGL ES context
05-06 21:52:21.133  3867  3867 I RNSkia  : updateAndRelease() failed. The exception above can safely be ignored
05-06 21:52:21.137  3867  3867 E artkit.showcase: [SurfaceTexture-0-3867-36] updateAndRelease: EGLConsumer is not attached to an OpenGL ES context
05-06 21:52:21.137  3867  3867 I RNSkia  : updateAndRelease() failed. The exception above can safely be ignored
05-06 21:52:21.149  3867  3867 E artkit.showcase: [SurfaceTexture-0-3867-36] updateAndRelease: EGLConsumer is not attached to an OpenGL ES context
05-06 21:52:21.149  3867  3867 I RNSkia  : updateAndRelease() failed. The exception above can safely be ignored
05-06 21:52:21.206  3867  3867 E artkit.showcase: [SurfaceTexture-0-3867-36] updateAndRelease: EGLConsumer is not attached to an OpenGL ES context
05-06 21:52:21.207  3867  3867 I RNSkia  : updateAndRelease() failed. The exception above can safely be ignored
05-06 21:52:21.213  3867  3867 E artkit.showcase: [SurfaceTexture-0-3867-36] updateAndRelease: EGLConsumer is not attached to an OpenGL ES context
05-06 21:52:21.216  3867  3867 I RNSkia  : updateAndRelease() failed. The exception above can safely be ignored
05-06 21:52:21.226  3867  3867 E artkit.showcase: [SurfaceTexture-0-3867-36] updateAndRelease: EGLConsumer is not attached to an OpenGL ES context
05-06 21:52:21.227  3867  3867 I RNSkia  : updateAndRelease() failed. The exception above can safely be ignored
05-06 21:52:21.264  3867  3867 E artkit.showcase: [SurfaceTexture-0-3867-36] updateAndRelease: EGLConsumer is not attached to an OpenGL ES context
05-06 21:52:21.265  3867  3867 I RNSkia  : updateAndRelease() failed. The exception above can safely be ignored
